[INFO] 2026-01-28 17:03:33 - Se ha creado el recurso: Aprendiendo PHP
[INFO] 2026-01-28 17:03:34 - Se ha creado el recurso: Tech Monthly
[INFO] 2026-01-28 17:03:34 - Se ha creado el recurso: Curso de PHP
[INFO] 2026-01-28 17:03:34 - Recurso agregado al video 'Curso de PHP': Video En VHS
[INFO] 2026-01-28 17:03:34 - Recurso agregado al video 'Curso de PHP': Video En DVD
[INFO] 2026-01-28 17:06:08 - Se ha creado el recurso: Aprendiendo PHP
[INFO] 2026-01-28 17:06:08 - Se ha creado el recurso: Tech Monthly
[INFO] 2026-01-28 17:06:08 - Se ha creado el recurso: Curso de PHP
[INFO] 2026-01-28 17:06:08 - Recurso agregado al video 'Curso de PHP': Video En VHS
[INFO] 2026-01-28 17:06:08 - Recurso agregado al video 'Curso de PHP': Video En DVD
[INFO] 2026-01-28 17:07:01 - Se ha creado el recurso: Aprendiendo PHP
[INFO] 2026-01-28 17:07:01 - Se ha creado el recurso: Tech Monthly
[INFO] 2026-01-28 17:07:01 - Se ha creado el recurso: Curso de PHP
[INFO] 2026-01-28 17:07:01 - Recurso agregado al video 'Curso de PHP': Video En VHS
[INFO] 2026-01-28 17:07:01 - Recurso agregado al video 'Curso de PHP': Video En DVD
[INFO] 2026-01-28 17:07:20 - Se ha creado el recurso: Aprendiendo PHP
[INFO] 2026-01-28 17:07:20 - Se ha creado el recurso: Tech Monthly
[INFO] 2026-01-28 17:07:20 - Se ha creado el recurso: Curso de PHP
[INFO] 2026-01-28 17:07:20 - Recurso agregado al video 'Curso de PHP': Video En VHS
[INFO] 2026-01-28 17:07:20 - Recurso agregado al video 'Curso de PHP': Video En DVD
[INFO] 2026-01-28 17:07:20 - Se ha creado el recurso: Aprendiendo PHP
[INFO] 2026-01-28 17:07:20 - Se ha creado el recurso: Tech Monthly
[INFO] 2026-01-28 17:07:20 - Se ha creado el recurso: Curso de PHP
[INFO] 2026-01-28 17:07:20 - Recurso agregado al video 'Curso de PHP': Video En VHS
[INFO] 2026-01-28 17:07:20 - Recurso agregado al video 'Curso de PHP': Video En DVD
[INFO] 2026-01-28 17:07:29 - Se ha creado el recurso: Aprendiendo PHP
[INFO] 2026-01-28 17:07:29 - Se ha creado el recurso: Tech Monthly
[INFO] 2026-01-28 17:07:29 - Se ha creado el recurso: Curso de PHP
[INFO] 2026-01-28 17:07:29 - Recurso agregado al video 'Curso de PHP': Video En VHS
[INFO] 2026-01-28 17:07:29 - Recurso agregado al video 'Curso de PHP': Video En DVD
[INFO] 2026-01-28 17:16:16 - Se ha creado el recurso: Aprendiendo PHP
[INFO] 2026-01-28 17:16:16 - Se ha creado el recurso: Tech Monthly
[INFO] 2026-01-28 17:16:16 - Se ha creado el recurso: Curso de PHP
[INFO] 2026-01-28 17:16:16 - Recurso agregado al video 'Curso de PHP': Video En VHS
[INFO] 2026-01-28 17:16:16 - Recurso agregado al video 'Curso de PHP': Video En DVD
[INFO] 2026-01-28 17:16:20 - Se ha creado el recurso: Aprendiendo PHP
[INFO] 2026-01-28 17:16:20 - Se ha creado el recurso: Tech Monthly
[INFO] 2026-01-28 17:16:20 - Se ha creado el recurso: Curso de PHP
[INFO] 2026-01-28 17:16:20 - Recurso agregado al video 'Curso de PHP': Video En VHS
[INFO] 2026-01-28 17:16:20 - Recurso agregado al video 'Curso de PHP': Video En DVD
[INFO] 2026-01-28 17:16:53 - Se ha creado el recurso: Aprendiendo PHP
[INFO] 2026-01-28 17:16:53 - Se ha creado el recurso: Tech Monthly
[INFO] 2026-01-28 17:16:53 - Se ha creado el recurso: Curso de PHP
[INFO] 2026-01-28 17:16:53 - Recurso agregado al video 'Curso de PHP': Video En VHS
[INFO] 2026-01-28 17:16:53 - Recurso agregado al video 'Curso de PHP': Video En DVD
[INFO] 2026-01-28 17:23:30 - Se ha creado el recurso: Aprendiendo PHP
[INFO] 2026-01-28 17:23:30 - Se ha creado el recurso: Tech Monthly
[INFO] 2026-01-28 17:23:30 - Se ha creado el recurso: Curso de PHP
[INFO] 2026-01-28 17:23:30 - Recurso agregado al video 'Curso de PHP': Video En VHS
[INFO] 2026-01-28 17:23:30 - Recurso agregado al video 'Curso de PHP': Video En DVD
[INFO] 2026-01-28 17:24:22 - Se ha creado el recurso: Aprendiendo PHP
[INFO] 2026-01-28 17:24:22 - Se ha creado el recurso: Tech Monthly
[INFO] 2026-01-28 17:24:22 - Se ha creado el recurso: Curso de PHP
[INFO] 2026-01-28 17:24:23 - Recurso agregado al video 'Curso de PHP': Video En VHS
[INFO] 2026-01-28 17:24:23 - Recurso agregado al video 'Curso de PHP': Video En DVD
[INFO] 2026-01-28 17:36:56 - Se ha creado el recurso: Aprendiendo PHP
[INFO] 2026-01-28 17:36:56 - Se ha creado el recurso: Tech Monthly
[INFO] 2026-01-28 17:36:56 - Se ha creado el recurso: Curso de PHP
[INFO] 2026-01-28 17:36:56 - Recurso agregado al video 'Curso de PHP': Video En VHS
[INFO] 2026-01-28 17:36:56 - Recurso agregado al video 'Curso de PHP': Video En DVD
[INFO] 2026-01-30 16:18:49 - Se ha creado el recurso: Aprendiendo PHP
[INFO] 2026-01-30 16:18:49 - Se ha creado el recurso: Tech Monthly
[INFO] 2026-01-30 16:18:49 - Se ha creado el recurso: Curso de PHP
[INFO] 2026-01-30 16:18:49 - Recurso agregado al video 'Curso de PHP': Video En VHS
[INFO] 2026-01-30 16:18:50 - Recurso agregado al video 'Curso de PHP': Video En DVD
[INFO] 2026-01-30 16:30:20 - Se ha creado el recurso: Aprendiendo PHP
[INFO] 2026-01-30 16:30:20 - Se ha creado el recurso: Tech Monthly
[INFO] 2026-01-30 16:30:20 - Se ha creado el recurso: Curso de PHP
[INFO] 2026-01-30 16:30:20 - Recurso agregado al video 'Curso de PHP': Video En VHS
[INFO] 2026-01-30 16:30:20 - Recurso agregado al video 'Curso de PHP': Video En DVD
[INFO] 2026-01-30 16:31:55 - Se ha creado el recurso: Aprendiendo PHP
[INFO] 2026-01-30 16:31:55 - Se ha creado el recurso: Tech Monthly
[INFO] 2026-01-30 16:31:55 - Se ha creado el recurso: Curso de PHP
[INFO] 2026-01-30 16:31:55 - Recurso agregado al video 'Curso de PHP': Video En VHS
[INFO] 2026-01-30 16:31:55 - Recurso agregado al video 'Curso de PHP': Video En DVD
[INFO] 2026-01-30 18:30:49 - Se ha creado el recurso: Aprendiendo PHP
[INFO] 2026-01-30 18:30:49 - Se ha creado el recurso: Tech Monthly
[INFO] 2026-01-30 18:30:49 - Se ha creado el recurso: Curso de PHP
[INFO] 2026-01-30 18:30:49 - Recurso agregado al video '': Video En VHS
[INFO] 2026-01-30 18:30:49 - Recurso agregado al video '': Video En DVD
[INFO] 2026-01-30 18:31:40 - Se ha creado el recurso: Aprendiendo PHP
[INFO] 2026-01-30 18:31:40 - Se ha creado el recurso: Tech Monthly
[INFO] 2026-01-30 18:31:40 - Se ha creado el recurso: Curso de PHP
[INFO] 2026-01-30 18:31:40 - Recurso agregado al video '': Video En VHS
[INFO] 2026-01-30 18:31:40 - Recurso agregado al video '': Video En DVD
[INFO] 2026-01-30 18:33:35 - Se ha creado el recurso: Aprendiendo PHP
[INFO] 2026-01-30 18:34:31 - Se ha creado el recurso: libro1
[INFO] 2026-01-30 19:33:23 - Se ha creado el recurso: libro1
[INFO] 2026-01-30 19:33:23 - Se ha creado el recurso: libro2
[INFO] 2026-01-30 19:33:23 - Se ha creado el recurso: libro3
[INFO] 2026-01-30 19:33:23 - Se ha creado el recurso: libro4
[INFO] 2026-01-30 19:36:28 - Se ha creado el recurso: libro1
[INFO] 2026-01-30 19:36:28 - Se ha creado el recurso: libro2
[INFO] 2026-01-30 19:36:28 - Se ha creado el recurso: libro3
[INFO] 2026-01-30 19:36:28 - Se ha creado el recurso: libro4
[INFO] 2026-01-30 20:04:06 - Se ha creado el recurso: libro1
[INFO] 2026-01-30 20:04:06 - Se ha creado el recurso: libro2
[INFO] 2026-01-30 20:04:06 - Se ha creado el recurso: libro3
[INFO] 2026-01-30 20:04:06 - Se ha creado el recurso: libro4
[INFO] 2026-01-30 20:05:05 - Se ha creado el recurso: libro1
[INFO] 2026-01-30 20:05:06 - Se ha creado el recurso: libro2
[INFO] 2026-01-30 20:05:06 - Se ha creado el recurso: libro3
[INFO] 2026-01-30 20:05:06 - Se ha creado el recurso: libro4
[INFO] 2026-01-30 20:06:22 - Se ha creado el recurso: libro1
[INFO] 2026-01-30 20:06:22 - Se ha creado el recurso: libro2
[INFO] 2026-01-30 20:06:22 - Se ha creado el recurso: libro3
[INFO] 2026-01-30 20:06:22 - Se ha creado el recurso: libro4
[INFO] 2026-01-30 20:09:04 - Se ha creado el recurso: libro1
[INFO] 2026-01-30 20:09:04 - Se ha creado el recurso: libro2
[INFO] 2026-01-30 20:09:04 - Se ha creado el recurso: libro3
[INFO] 2026-01-30 20:09:04 - Se ha creado el recurso: libro4
[INFO] 2026-01-30 20:10:47 - Se ha creado el recurso: libro1
[INFO] 2026-01-30 20:10:47 - Se ha creado el recurso: libro2
[INFO] 2026-01-30 20:10:47 - Se ha creado el recurso: libro3
[INFO] 2026-01-30 20:10:47 - Se ha creado el recurso: libro4
[INFO] 2026-01-30 20:11:59 - Se ha creado el recurso: libro1
[INFO] 2026-01-30 20:11:59 - Se ha creado el recurso: libro2
[INFO] 2026-01-30 20:11:59 - Se ha creado el recurso: libro3
[INFO] 2026-01-30 20:11:59 - Se ha creado el recurso: libro4
[INFO]2026-01-30 20:13:02 - Se ha creado el recurso: libro1
[INFO]2026-01-30 20:13:02 - Se ha creado el recurso: libro2
[INFO]2026-01-30 20:13:02 - Se ha creado el recurso: libro3
[INFO]2026-01-30 20:13:02 - Se ha creado el recurso: libro4
[INFO]2026-01-30 20:13:36 - Se ha creado el recurso: libro1
[INFO]2026-01-30 20:13:36 - Se ha creado el recurso: libro2
[INFO]2026-01-30 20:13:36 - Se ha creado el recurso: libro3
[INFO]2026-01-30 20:13:36 - Se ha creado el recurso: libro4
[INFO]2026-01-30 20:23:58 - Se ha creado el recurso: libro1
[INFO]2026-01-30 20:23:58 - Se ha creado el recurso: libro2
[INFO]2026-01-30 20:23:58 - Se ha creado el recurso: libro3
[INFO]2026-01-30 20:23:58 - Se ha creado el recurso: libro4
[INFO]2026-01-30 20:24:45 - Se ha creado el recurso: libro1
[INFO]2026-01-30 20:24:45 - Se ha creado el recurso: libro2
[INFO]2026-01-30 20:24:45 - Se ha creado el recurso: libro3
[INFO]2026-01-30 20:24:45 - Se ha creado el recurso: libro4
[INFO]2026-01-30 20:26:07 - Se ha creado el recurso: libro1
[INFO]2026-01-30 20:26:07 - Se ha creado el recurso: libro2
[INFO]2026-01-30 20:26:07 - Se ha creado el recurso: libro3
[INFO]2026-01-30 20:26:07 - Se ha creado el recurso: libro4
[INFO]2026-01-30 20:29:27 - Se ha creado el recurso: libro1
[INFO]2026-01-30 20:29:27 - Se ha creado el recurso: libro2
[INFO]2026-01-30 20:29:27 - Se ha creado el recurso: libro3
[INFO]2026-01-30 20:29:27 - Se ha creado el recurso: libro4
[INFO]2026-01-30 20:32:39 - Se ha creado el recurso: libro1
[INFO]2026-01-30 20:32:39 - Se ha creado el recurso: libro2
[INFO]2026-01-30 20:32:39 - Se ha creado el recurso: libro3
[INFO]2026-01-30 20:32:39 - Se ha creado el recurso: libro4
[INFO]2026-02-01 15:26:54 - Se ha creado el recurso: libro1
[INFO]2026-02-01 15:26:54 - Se ha creado el recurso: libro2
[INFO]2026-02-01 15:26:54 - Se ha creado el recurso: libro3
[INFO]2026-02-01 15:26:54 - Se ha creado el recurso: libro4
[INFO]2026-02-01 17:19:58 - Se ha creado el recurso: libro1
[INFO]2026-02-01 17:19:58 - Se ha creado el recurso: libro2
[INFO]2026-02-01 17:19:58 - Se ha creado el recurso: libro3
[INFO]2026-02-01 17:19:58 - Se ha creado el recurso: libro4
[INFO]2026-02-01 17:21:37 - Se ha creado el recurso: libro1
[INFO]2026-02-01 17:21:37 - Se ha creado el recurso: libro2
[INFO]2026-02-01 17:21:37 - Se ha creado el recurso: libro3
[INFO]2026-02-01 17:21:37 - Se ha creado el recurso: libro4
[INFO]2026-02-01 17:53:41 - Se ha creado el recurso: libro1
[INFO]2026-02-01 17:53:41 - Se ha creado el recurso: libro2
[INFO]2026-02-01 17:53:41 - Se ha creado el recurso: libro3
[INFO]2026-02-01 17:53:41 - Se ha creado el recurso: libro4
[INFO]2026-02-01 17:58:12 - Se ha creado el recurso: libro1
[INFO]2026-02-01 17:58:12 - Se ha creado el recurso: libro2
[INFO]2026-02-01 17:58:12 - Se ha creado el recurso: libro3
[INFO]2026-02-01 17:58:12 - Se ha creado el recurso: libro4
[INFO]2026-02-01 17:59:12 - Se ha creado el recurso: libro1
[INFO]2026-02-01 17:59:12 - Se ha creado el recurso: libro2
[INFO]2026-02-01 17:59:12 - Se ha creado el recurso: libro3
[INFO]2026-02-01 17:59:12 - Se ha creado el recurso: libro4
[INFO]2026-02-01 18:00:30 - Se ha creado el recurso: libro1
[INFO]2026-02-01 18:00:30 - Se ha creado el recurso: libro2
[INFO]2026-02-01 18:00:30 - Se ha creado el recurso: libro3
[INFO]2026-02-01 18:00:31 - Se ha creado el recurso: libro4
[INFO]2026-02-01 18:02:05 - Se ha creado el recurso: libro1
[INFO]2026-02-01 18:02:05 - Se ha creado el recurso: libro2
[INFO]2026-02-01 18:02:05 - Se ha creado el recurso: libro3
[INFO]2026-02-01 18:02:05 - Se ha creado el recurso: libro4
[INFO]2026-02-01 18:02:45 - Se ha creado el recurso: libro1
[INFO]2026-02-01 18:02:45 - Se ha creado el recurso: libro2
[INFO]2026-02-01 18:02:45 - Se ha creado el recurso: libro3
[INFO]2026-02-01 18:02:45 - Se ha creado el recurso: libro4
[INFO]2026-02-01 18:04:27 - Se ha creado el recurso: libro1
[INFO]2026-02-01 18:04:27 - Se ha creado el recurso: libro2
[INFO]2026-02-01 18:04:27 - Se ha creado el recurso: libro3
[INFO]2026-02-01 18:04:27 - Se ha creado el recurso: libro4
[INFO]2026-02-01 18:06:10 - Se ha creado el recurso: libro1
[INFO]2026-02-01 18:06:10 - Se ha creado el recurso: libro2
[INFO]2026-02-01 18:06:10 - Se ha creado el recurso: libro3
[INFO]2026-02-01 18:06:10 - Se ha creado el recurso: libro4
[INFO]2026-02-01 18:06:21 - Se ha creado el recurso: libro1
[INFO]2026-02-01 18:06:21 - Se ha creado el recurso: libro2
[INFO]2026-02-01 18:06:21 - Se ha creado el recurso: libro3
[INFO]2026-02-01 18:06:21 - Se ha creado el recurso: libro4
[INFO]2026-02-01 18:06:55 - Se ha creado el recurso: libro1
[INFO]2026-02-01 18:06:55 - Se ha creado el recurso: libro2
[INFO]2026-02-01 18:06:55 - Se ha creado el recurso: libro3
[INFO]2026-02-01 18:06:55 - Se ha creado el recurso: libro4
[INFO]2026-02-01 18:09:23 - Se ha creado el recurso: libro1
[INFO]2026-02-01 18:09:23 - Se ha creado el recurso: libro2
[INFO]2026-02-01 18:09:23 - Se ha creado el recurso: libro3
[INFO]2026-02-01 18:09:23 - Se ha creado el recurso: libro4
[INFO]2026-02-01 18:20:10 - Se ha creado el recurso: libro1
[INFO]2026-02-01 18:20:10 - Se ha creado el recurso: libro2
[INFO]2026-02-01 18:20:10 - Se ha creado el recurso: libro3
[INFO]2026-02-01 18:20:10 - Se ha creado el recurso: libro4
[INFO]2026-02-01 18:23:13 - Se ha creado el recurso: libro1
[INFO]2026-02-01 18:23:13 - Se ha creado el recurso: libro2
[INFO]2026-02-01 18:23:13 - Se ha creado el recurso: libro3
[INFO]2026-02-01 18:23:13 - Se ha creado el recurso: libro4
[INFO]2026-02-01 18:25:43 - Se ha creado el recurso: libro1
[INFO]2026-02-01 18:25:43 - Se ha creado el recurso: libro2
[INFO]2026-02-01 18:25:43 - Se ha creado el recurso: libro3
[INFO]2026-02-01 18:25:43 - Se ha creado el recurso: libro4
[INFO]2026-02-01 18:26:36 - Se ha creado el recurso: libro1
[INFO]2026-02-01 18:26:36 - Se ha creado el recurso: libro2
[INFO]2026-02-01 18:26:36 - Se ha creado el recurso: libro3
[INFO]2026-02-01 18:26:36 - Se ha creado el recurso: libro4
[INFO]2026-02-01 18:32:31 - Se ha creado el recurso: libro1
[INFO]2026-02-01 18:32:31 - Se ha creado el recurso: libro2
[INFO]2026-02-01 18:32:31 - Se ha creado el recurso: libro3
[INFO]2026-02-01 18:32:31 - Se ha creado el recurso: libro4
[INFO]2026-02-01 18:33:09 - Se ha creado el recurso: libro1
[INFO]2026-02-01 18:33:09 - Se ha creado el recurso: libro2
[INFO]2026-02-01 18:33:09 - Se ha creado el recurso: libro3
[INFO]2026-02-01 18:33:09 - Se ha creado el recurso: libro4
[INFO]2026-02-01 18:36:48 - Se ha creado el recurso: libro1
[INFO]2026-02-01 18:36:48 - Se ha creado el recurso: libro2
[INFO]2026-02-01 18:36:48 - Se ha creado el recurso: libro3
[INFO]2026-02-01 18:36:48 - Se ha creado el recurso: libro4
[INFO]2026-02-01 18:37:10 - Se ha creado el recurso: libro1
[INFO]2026-02-01 18:37:10 - Se ha creado el recurso: libro2
[INFO]2026-02-01 18:37:10 - Se ha creado el recurso: libro3
[INFO]2026-02-01 18:37:10 - Se ha creado el recurso: libro4
[INFO]2026-02-01 18:37:49 - Se ha creado el recurso: libro1
[INFO]2026-02-01 18:37:49 - Se ha creado el recurso: libro2
[INFO]2026-02-01 18:37:49 - Se ha creado el recurso: libro3
[INFO]2026-02-01 18:37:49 - Se ha creado el recurso: libro4
[INFO]2026-02-01 18:39:05 - Se ha creado el recurso: libro1
[INFO]2026-02-01 18:39:05 - Se ha creado el recurso: libro2
[INFO]2026-02-01 18:39:05 - Se ha creado el recurso: libro3
[INFO]2026-02-01 18:39:05 - Se ha creado el recurso: libro4
[INFO]2026-02-01 18:40:26 - Se ha creado el recurso: libro1
[INFO]2026-02-01 18:40:26 - Se ha creado el recurso: libro2
[INFO]2026-02-01 18:40:26 - Se ha creado el recurso: libro3
[INFO]2026-02-01 18:40:26 - Se ha creado el recurso: libro4
[INFO]2026-02-01 18:40:53 - Se ha creado el recurso: libro1
[INFO]2026-02-01 18:40:53 - Se ha creado el recurso: libro2
[INFO]2026-02-01 18:40:53 - Se ha creado el recurso: libro3
[INFO]2026-02-01 18:40:53 - Se ha creado el recurso: libro4
[INFO]2026-02-01 18:40:53 - Se ha creado el recurso: libro1
[INFO]2026-02-01 18:40:53 - Se ha creado el recurso: libro2
[INFO]2026-02-01 18:40:53 - Se ha creado el recurso: libro3
[INFO]2026-02-01 18:40:53 - Se ha creado el recurso: libro4
[INFO]2026-02-01 18:40:54 - Se ha creado el recurso: libro1
[INFO]2026-02-01 18:40:54 - Se ha creado el recurso: libro2
[INFO]2026-02-01 18:40:54 - Se ha creado el recurso: libro3
[INFO]2026-02-01 18:40:54 - Se ha creado el recurso: libro4
[INFO]2026-02-01 18:40:54 - Se ha creado el recurso: libro1
[INFO]2026-02-01 18:40:54 - Se ha creado el recurso: libro2
[INFO]2026-02-01 18:40:54 - Se ha creado el recurso: libro3
[INFO]2026-02-01 18:40:54 - Se ha creado el recurso: libro4
[INFO]2026-02-01 18:40:54 - Se ha creado el recurso: libro1
[INFO]2026-02-01 18:40:54 - Se ha creado el recurso: libro2
[INFO]2026-02-01 18:40:54 - Se ha creado el recurso: libro3
[INFO]2026-02-01 18:40:54 - Se ha creado el recurso: libro4
[INFO]2026-02-01 18:40:54 - Se ha creado el recurso: libro1
[INFO]2026-02-01 18:40:54 - Se ha creado el recurso: libro2
[INFO]2026-02-01 18:40:54 - Se ha creado el recurso: libro3
[INFO]2026-02-01 18:40:54 - Se ha creado el recurso: libro4
[INFO]2026-02-01 18:41:09 - Se ha creado el recurso: libro1
[INFO]2026-02-01 18:41:09 - Se ha creado el recurso: libro2
[INFO]2026-02-01 18:41:09 - Se ha creado el recurso: libro3
[INFO]2026-02-01 18:41:09 - Se ha creado el recurso: libro4
[INFO]2026-02-01 18:41:24 - Se ha creado el recurso: libro1
[INFO]2026-02-01 18:41:24 - Se ha creado el recurso: libro2
[INFO]2026-02-01 18:41:24 - Se ha creado el recurso: libro3
[INFO]2026-02-01 18:41:24 - Se ha creado el recurso: libro4
[INFO]2026-02-01 18:41:38 - Se ha creado el recurso: libro1
[INFO]2026-02-01 18:41:38 - Se ha creado el recurso: libro2
[INFO]2026-02-01 18:41:38 - Se ha creado el recurso: libro3
[INFO]2026-02-01 18:41:38 - Se ha creado el recurso: libro4
[INFO]2026-02-01 18:41:48 - Se ha creado el recurso: libro1
[INFO]2026-02-01 18:41:48 - Se ha creado el recurso: libro2
[INFO]2026-02-01 18:41:48 - Se ha creado el recurso: libro3
[INFO]2026-02-01 18:41:48 - Se ha creado el recurso: libro4
[INFO]2026-02-01 18:42:34 - Se ha creado el recurso: libro1
[INFO]2026-02-01 18:42:34 - Se ha creado el recurso: libro2
[INFO]2026-02-01 18:42:34 - Se ha creado el recurso: libro3
[INFO]2026-02-01 18:42:35 - Se ha creado el recurso: libro4
[INFO]2026-02-01 18:44:09 - Se ha creado el recurso: libro1
[INFO]2026-02-01 18:44:09 - Se ha creado el recurso: libro2
[INFO]2026-02-01 18:44:09 - Se ha creado el recurso: libro3
[INFO]2026-02-01 18:44:09 - Se ha creado el recurso: libro4
[INFO]2026-02-01 18:45:29 - Se ha creado el recurso: libro1
[INFO]2026-02-01 18:45:29 - Se ha creado el recurso: libro2
[INFO]2026-02-01 18:45:29 - Se ha creado el recurso: libro3
[INFO]2026-02-01 18:45:29 - Se ha creado el recurso: libro4
[INFO]2026-02-01 18:46:23 - Se ha creado el recurso: libro1
[INFO]2026-02-01 18:46:23 - Se ha creado el recurso: libro2
[INFO]2026-02-01 18:46:23 - Se ha creado el recurso: libro3
[INFO]2026-02-01 18:46:23 - Se ha creado el recurso: libro4
[INFO]2026-02-01 18:47:20 - Se ha creado el recurso: libro1
[INFO]2026-02-01 18:47:20 - Se ha creado el recurso: libro2
[INFO]2026-02-01 18:47:20 - Se ha creado el recurso: libro3
[INFO]2026-02-01 18:47:20 - Se ha creado el recurso: libro4
[INFO]2026-02-01 18:47:38 - Se ha creado el recurso: libro1
[INFO]2026-02-01 18:47:38 - Se ha creado el recurso: libro2
[INFO]2026-02-01 18:47:38 - Se ha creado el recurso: libro3
[INFO]2026-02-01 18:47:38 - Se ha creado el recurso: libro4
[INFO]2026-02-01 18:47:57 - Se ha creado el recurso: libro1
[INFO]2026-02-01 18:47:57 - Se ha creado el recurso: libro2
[INFO]2026-02-01 18:47:57 - Se ha creado el recurso: libro3
[INFO]2026-02-01 18:47:57 - Se ha creado el recurso: libro4
[INFO]2026-02-01 18:48:17 - Se ha creado el recurso: libro1
[INFO]2026-02-01 18:48:17 - Se ha creado el recurso: libro2
[INFO]2026-02-01 18:48:17 - Se ha creado el recurso: libro3
[INFO]2026-02-01 18:48:17 - Se ha creado el recurso: libro4
[INFO]2026-02-01 18:48:35 - Se ha creado el recurso: libro1
[INFO]2026-02-01 18:48:35 - Se ha creado el recurso: libro2
[INFO]2026-02-01 18:48:35 - Se ha creado el recurso: libro3
[INFO]2026-02-01 18:48:35 - Se ha creado el recurso: libro4
[INFO]2026-02-01 18:49:58 - Se ha creado el recurso: libro1
[INFO]2026-02-01 18:49:58 - Se ha creado el recurso: libro2
[INFO]2026-02-01 18:49:58 - Se ha creado el recurso: libro3
[INFO]2026-02-01 18:49:58 - Se ha creado el recurso: libro4
[INFO]2026-02-01 18:51:38 - Se ha creado el recurso: libro1
[INFO]2026-02-01 18:51:38 - Se ha creado el recurso: libro2
[INFO]2026-02-01 18:51:38 - Se ha creado el recurso: libro3
[INFO]2026-02-01 18:51:38 - Se ha creado el recurso: libro4
[INFO]2026-02-01 18:58:32 - Se ha creado el recurso: libro1
[INFO]2026-02-01 18:58:32 - Se ha creado el recurso: libro2
[INFO]2026-02-01 18:58:32 - Se ha creado el recurso: libro3
[INFO]2026-02-01 18:58:32 - Se ha creado el recurso: libro4
[INFO]2026-02-01 19:08:31 - Se ha creado el recurso: libro1
[INFO]2026-02-01 19:08:31 - Se ha creado el recurso: libro2
[INFO]2026-02-01 19:08:31 - Se ha creado el recurso: libro3
[INFO]2026-02-01 19:08:31 - Se ha creado el recurso: libro4
[INFO]2026-02-01 19:09:06 - Se ha creado el recurso: libro1
[INFO]2026-02-01 19:09:06 - Se ha creado el recurso: libro2
[INFO]2026-02-01 19:09:06 - Se ha creado el recurso: libro3
[INFO]2026-02-01 19:09:06 - Se ha creado el recurso: libro4
[INFO]2026-02-01 19:10:59 - Se ha creado el recurso: libro1
[INFO]2026-02-01 19:10:59 - Se ha creado el recurso: libro2
[INFO]2026-02-01 19:10:59 - Se ha creado el recurso: libro3
[INFO]2026-02-01 19:10:59 - Se ha creado el recurso: libro4
[INFO]2026-02-01 19:11:16 - Se ha creado el recurso: libro1
[INFO]2026-02-01 19:11:16 - Se ha creado el recurso: libro2
[INFO]2026-02-01 19:11:16 - Se ha creado el recurso: libro3
[INFO]2026-02-01 19:11:16 - Se ha creado el recurso: libro4
[INFO]2026-02-01 19:11:17 - Se ha creado el recurso: libro1
[INFO]2026-02-01 19:11:17 - Se ha creado el recurso: libro2
[INFO]2026-02-01 19:11:18 - Se ha creado el recurso: libro3
[INFO]2026-02-01 19:11:18 - Se ha creado el recurso: libro4
[INFO]2026-02-01 19:11:18 - Se ha creado el recurso: libro1
[INFO]2026-02-01 19:11:18 - Se ha creado el recurso: libro2
[INFO]2026-02-01 19:11:18 - Se ha creado el recurso: libro3
[INFO]2026-02-01 19:11:18 - Se ha creado el recurso: libro4
[INFO]2026-02-01 19:11:19 - Se ha creado el recurso: libro1
[INFO]2026-02-01 19:11:19 - Se ha creado el recurso: libro2
[INFO]2026-02-01 19:11:19 - Se ha creado el recurso: libro3
[INFO]2026-02-01 19:11:19 - Se ha creado el recurso: libro4
[INFO]2026-02-01 19:15:07 - Se ha creado el recurso: libro1
[INFO]2026-02-01 19:15:07 - Se ha creado el recurso: libro2
[INFO]2026-02-01 19:15:07 - Se ha creado el recurso: libro3
[INFO]2026-02-01 19:15:07 - Se ha creado el recurso: libro4
[INFO]2026-02-01 19:16:13 - Se ha creado el recurso: libro1
[INFO]2026-02-01 19:16:13 - Se ha creado el recurso: libro2
[INFO]2026-02-01 19:16:13 - Se ha creado el recurso: libro3
[INFO]2026-02-01 19:16:13 - Se ha creado el recurso: libro4
[INFO]2026-02-01 19:17:03 - Se ha creado el recurso: libro1
[INFO]2026-02-01 19:17:03 - Se ha creado el recurso: libro2
[INFO]2026-02-01 19:17:03 - Se ha creado el recurso: libro3
[INFO]2026-02-01 19:17:03 - Se ha creado el recurso: libro4
[INFO]2026-02-01 19:23:22 - Se ha creado el recurso: libro1
[INFO]2026-02-01 19:23:22 - Se ha creado el recurso: libro2
[INFO]2026-02-01 19:23:22 - Se ha creado el recurso: libro3
[INFO]2026-02-01 19:23:22 - Se ha creado el recurso: libro4
[INFO]2026-02-01 19:23:58 - Se ha creado el recurso: libro1
[INFO]2026-02-01 19:23:58 - Se ha creado el recurso: libro2
[INFO]2026-02-01 19:23:59 - Se ha creado el recurso: libro3
[INFO]2026-02-01 19:23:59 - Se ha creado el recurso: libro4
[INFO]2026-02-01 19:24:16 - Se ha creado el recurso: libro1
[INFO]2026-02-01 19:24:16 - Se ha creado el recurso: libro2
[INFO]2026-02-01 19:24:16 - Se ha creado el recurso: libro3
[INFO]2026-02-01 19:24:16 - Se ha creado el recurso: libro4
[INFO]2026-02-01 19:24:31 - Se ha creado el recurso: libro1
[INFO]2026-02-01 19:24:31 - Se ha creado el recurso: libro2
[INFO]2026-02-01 19:24:31 - Se ha creado el recurso: libro3
[INFO]2026-02-01 19:24:31 - Se ha creado el recurso: libro4
[INFO]2026-02-01 19:25:49 - Se ha creado el recurso: libro1
[INFO]2026-02-01 19:25:49 - Se ha creado el recurso: libro2
[INFO]2026-02-01 19:25:49 - Se ha creado el recurso: libro3
[INFO]2026-02-01 19:25:49 - Se ha creado el recurso: libro4
[INFO]2026-02-01 19:27:22 - Se ha creado el recurso: libro1
[INFO]2026-02-01 19:27:22 - Se ha creado el recurso: libro2
[INFO]2026-02-01 19:27:22 - Se ha creado el recurso: libro3
[INFO]2026-02-01 19:27:22 - Se ha creado el recurso: libro4
