[INFO] 2026-01-28 17:03:33 - Se ha creado el recurso: Aprendiendo PHP
[INFO] 2026-01-28 17:03:34 - Se ha creado el recurso: Tech Monthly
[INFO] 2026-01-28 17:03:34 - Se ha creado el recurso: Curso de PHP
[INFO] 2026-01-28 17:03:34 - Recurso agregado al video 'Curso de PHP': Video En VHS
[INFO] 2026-01-28 17:03:34 - Recurso agregado al video 'Curso de PHP': Video En DVD
[INFO] 2026-01-28 17:06:08 - Se ha creado el recurso: Aprendiendo PHP
[INFO] 2026-01-28 17:06:08 - Se ha creado el recurso: Tech Monthly
[INFO] 2026-01-28 17:06:08 - Se ha creado el recurso: Curso de PHP
[INFO] 2026-01-28 17:06:08 - Recurso agregado al video 'Curso de PHP': Video En VHS
[INFO] 2026-01-28 17:06:08 - Recurso agregado al video 'Curso de PHP': Video En DVD
[INFO] 2026-01-28 17:07:01 - Se ha creado el recurso: Aprendiendo PHP
[INFO] 2026-01-28 17:07:01 - Se ha creado el recurso: Tech Monthly
[INFO] 2026-01-28 17:07:01 - Se ha creado el recurso: Curso de PHP
[INFO] 2026-01-28 17:07:01 - Recurso agregado al video 'Curso de PHP': Video En VHS
[INFO] 2026-01-28 17:07:01 - Recurso agregado al video 'Curso de PHP': Video En DVD
[INFO] 2026-01-28 17:07:20 - Se ha creado el recurso: Aprendiendo PHP
[INFO] 2026-01-28 17:07:20 - Se ha creado el recurso: Tech Monthly
[INFO] 2026-01-28 17:07:20 - Se ha creado el recurso: Curso de PHP
[INFO] 2026-01-28 17:07:20 - Recurso agregado al video 'Curso de PHP': Video En VHS
[INFO] 2026-01-28 17:07:20 - Recurso agregado al video 'Curso de PHP': Video En DVD
[INFO] 2026-01-28 17:07:20 - Se ha creado el recurso: Aprendiendo PHP
[INFO] 2026-01-28 17:07:20 - Se ha creado el recurso: Tech Monthly
[INFO] 2026-01-28 17:07:20 - Se ha creado el recurso: Curso de PHP
[INFO] 2026-01-28 17:07:20 - Recurso agregado al video 'Curso de PHP': Video En VHS
[INFO] 2026-01-28 17:07:20 - Recurso agregado al video 'Curso de PHP': Video En DVD
[INFO] 2026-01-28 17:07:29 - Se ha creado el recurso: Aprendiendo PHP
[INFO] 2026-01-28 17:07:29 - Se ha creado el recurso: Tech Monthly
[INFO] 2026-01-28 17:07:29 - Se ha creado el recurso: Curso de PHP
[INFO] 2026-01-28 17:07:29 - Recurso agregado al video 'Curso de PHP': Video En VHS
[INFO] 2026-01-28 17:07:29 - Recurso agregado al video 'Curso de PHP': Video En DVD
[INFO] 2026-01-28 17:16:16 - Se ha creado el recurso: Aprendiendo PHP
[INFO] 2026-01-28 17:16:16 - Se ha creado el recurso: Tech Monthly
[INFO] 2026-01-28 17:16:16 - Se ha creado el recurso: Curso de PHP
[INFO] 2026-01-28 17:16:16 - Recurso agregado al video 'Curso de PHP': Video En VHS
[INFO] 2026-01-28 17:16:16 - Recurso agregado al video 'Curso de PHP': Video En DVD
[INFO] 2026-01-28 17:16:20 - Se ha creado el recurso: Aprendiendo PHP
[INFO] 2026-01-28 17:16:20 - Se ha creado el recurso: Tech Monthly
[INFO] 2026-01-28 17:16:20 - Se ha creado el recurso: Curso de PHP
[INFO] 2026-01-28 17:16:20 - Recurso agregado al video 'Curso de PHP': Video En VHS
[INFO] 2026-01-28 17:16:20 - Recurso agregado al video 'Curso de PHP': Video En DVD
[INFO] 2026-01-28 17:16:53 - Se ha creado el recurso: Aprendiendo PHP
[INFO] 2026-01-28 17:16:53 - Se ha creado el recurso: Tech Monthly
[INFO] 2026-01-28 17:16:53 - Se ha creado el recurso: Curso de PHP
[INFO] 2026-01-28 17:16:53 - Recurso agregado al video 'Curso de PHP': Video En VHS
[INFO] 2026-01-28 17:16:53 - Recurso agregado al video 'Curso de PHP': Video En DVD
[INFO] 2026-01-28 17:23:30 - Se ha creado el recurso: Aprendiendo PHP
[INFO] 2026-01-28 17:23:30 - Se ha creado el recurso: Tech Monthly
[INFO] 2026-01-28 17:23:30 - Se ha creado el recurso: Curso de PHP
[INFO] 2026-01-28 17:23:30 - Recurso agregado al video 'Curso de PHP': Video En VHS
[INFO] 2026-01-28 17:23:30 - Recurso agregado al video 'Curso de PHP': Video En DVD
[INFO] 2026-01-28 17:24:22 - Se ha creado el recurso: Aprendiendo PHP
[INFO] 2026-01-28 17:24:22 - Se ha creado el recurso: Tech Monthly
[INFO] 2026-01-28 17:24:22 - Se ha creado el recurso: Curso de PHP
[INFO] 2026-01-28 17:24:23 - Recurso agregado al video 'Curso de PHP': Video En VHS
[INFO] 2026-01-28 17:24:23 - Recurso agregado al video 'Curso de PHP': Video En DVD
[INFO] 2026-01-28 17:36:56 - Se ha creado el recurso: Aprendiendo PHP
[INFO] 2026-01-28 17:36:56 - Se ha creado el recurso: Tech Monthly
[INFO] 2026-01-28 17:36:56 - Se ha creado el recurso: Curso de PHP
[INFO] 2026-01-28 17:36:56 - Recurso agregado al video 'Curso de PHP': Video En VHS
[INFO] 2026-01-28 17:36:56 - Recurso agregado al video 'Curso de PHP': Video En DVD
