[INFO] 2026-01-28 17:03:33 - Se ha creado el recurso: Aprendiendo PHP
[INFO] 2026-01-28 17:03:34 - Se ha creado el recurso: Tech Monthly
[INFO] 2026-01-28 17:03:34 - Se ha creado el recurso: Curso de PHP
[INFO] 2026-01-28 17:03:34 - Recurso agregado al video 'Curso de PHP': Video En VHS
[INFO] 2026-01-28 17:03:34 - Recurso agregado al video 'Curso de PHP': Video En DVD
[INFO] 2026-01-28 17:06:08 - Se ha creado el recurso: Aprendiendo PHP
[INFO] 2026-01-28 17:06:08 - Se ha creado el recurso: Tech Monthly
[INFO] 2026-01-28 17:06:08 - Se ha creado el recurso: Curso de PHP
[INFO] 2026-01-28 17:06:08 - Recurso agregado al video 'Curso de PHP': Video En VHS
[INFO] 2026-01-28 17:06:08 - Recurso agregado al video 'Curso de PHP': Video En DVD
[INFO] 2026-01-28 17:07:01 - Se ha creado el recurso: Aprendiendo PHP
[INFO] 2026-01-28 17:07:01 - Se ha creado el recurso: Tech Monthly
[INFO] 2026-01-28 17:07:01 - Se ha creado el recurso: Curso de PHP
[INFO] 2026-01-28 17:07:01 - Recurso agregado al video 'Curso de PHP': Video En VHS
[INFO] 2026-01-28 17:07:01 - Recurso agregado al video 'Curso de PHP': Video En DVD
[INFO] 2026-01-28 17:07:20 - Se ha creado el recurso: Aprendiendo PHP
[INFO] 2026-01-28 17:07:20 - Se ha creado el recurso: Tech Monthly
[INFO] 2026-01-28 17:07:20 - Se ha creado el recurso: Curso de PHP
[INFO] 2026-01-28 17:07:20 - Recurso agregado al video 'Curso de PHP': Video En VHS
[INFO] 2026-01-28 17:07:20 - Recurso agregado al video 'Curso de PHP': Video En DVD
[INFO] 2026-01-28 17:07:20 - Se ha creado el recurso: Aprendiendo PHP
[INFO] 2026-01-28 17:07:20 - Se ha creado el recurso: Tech Monthly
[INFO] 2026-01-28 17:07:20 - Se ha creado el recurso: Curso de PHP
[INFO] 2026-01-28 17:07:20 - Recurso agregado al video 'Curso de PHP': Video En VHS
[INFO] 2026-01-28 17:07:20 - Recurso agregado al video 'Curso de PHP': Video En DVD
[INFO] 2026-01-28 17:07:29 - Se ha creado el recurso: Aprendiendo PHP
[INFO] 2026-01-28 17:07:29 - Se ha creado el recurso: Tech Monthly
[INFO] 2026-01-28 17:07:29 - Se ha creado el recurso: Curso de PHP
[INFO] 2026-01-28 17:07:29 - Recurso agregado al video 'Curso de PHP': Video En VHS
[INFO] 2026-01-28 17:07:29 - Recurso agregado al video 'Curso de PHP': Video En DVD
[INFO] 2026-01-28 17:16:16 - Se ha creado el recurso: Aprendiendo PHP
[INFO] 2026-01-28 17:16:16 - Se ha creado el recurso: Tech Monthly
[INFO] 2026-01-28 17:16:16 - Se ha creado el recurso: Curso de PHP
[INFO] 2026-01-28 17:16:16 - Recurso agregado al video 'Curso de PHP': Video En VHS
[INFO] 2026-01-28 17:16:16 - Recurso agregado al video 'Curso de PHP': Video En DVD
[INFO] 2026-01-28 17:16:20 - Se ha creado el recurso: Aprendiendo PHP
[INFO] 2026-01-28 17:16:20 - Se ha creado el recurso: Tech Monthly
[INFO] 2026-01-28 17:16:20 - Se ha creado el recurso: Curso de PHP
[INFO] 2026-01-28 17:16:20 - Recurso agregado al video 'Curso de PHP': Video En VHS
[INFO] 2026-01-28 17:16:20 - Recurso agregado al video 'Curso de PHP': Video En DVD
[INFO] 2026-01-28 17:16:53 - Se ha creado el recurso: Aprendiendo PHP
[INFO] 2026-01-28 17:16:53 - Se ha creado el recurso: Tech Monthly
[INFO] 2026-01-28 17:16:53 - Se ha creado el recurso: Curso de PHP
[INFO] 2026-01-28 17:16:53 - Recurso agregado al video 'Curso de PHP': Video En VHS
[INFO] 2026-01-28 17:16:53 - Recurso agregado al video 'Curso de PHP': Video En DVD
[INFO] 2026-01-28 17:23:30 - Se ha creado el recurso: Aprendiendo PHP
[INFO] 2026-01-28 17:23:30 - Se ha creado el recurso: Tech Monthly
[INFO] 2026-01-28 17:23:30 - Se ha creado el recurso: Curso de PHP
[INFO] 2026-01-28 17:23:30 - Recurso agregado al video 'Curso de PHP': Video En VHS
[INFO] 2026-01-28 17:23:30 - Recurso agregado al video 'Curso de PHP': Video En DVD
[INFO] 2026-01-28 17:24:22 - Se ha creado el recurso: Aprendiendo PHP
[INFO] 2026-01-28 17:24:22 - Se ha creado el recurso: Tech Monthly
[INFO] 2026-01-28 17:24:22 - Se ha creado el recurso: Curso de PHP
[INFO] 2026-01-28 17:24:23 - Recurso agregado al video 'Curso de PHP': Video En VHS
[INFO] 2026-01-28 17:24:23 - Recurso agregado al video 'Curso de PHP': Video En DVD
[INFO] 2026-01-28 17:36:56 - Se ha creado el recurso: Aprendiendo PHP
[INFO] 2026-01-28 17:36:56 - Se ha creado el recurso: Tech Monthly
[INFO] 2026-01-28 17:36:56 - Se ha creado el recurso: Curso de PHP
[INFO] 2026-01-28 17:36:56 - Recurso agregado al video 'Curso de PHP': Video En VHS
[INFO] 2026-01-28 17:36:56 - Recurso agregado al video 'Curso de PHP': Video En DVD
[INFO] 2026-01-30 16:18:49 - Se ha creado el recurso: Aprendiendo PHP
[INFO] 2026-01-30 16:18:49 - Se ha creado el recurso: Tech Monthly
[INFO] 2026-01-30 16:18:49 - Se ha creado el recurso: Curso de PHP
[INFO] 2026-01-30 16:18:49 - Recurso agregado al video 'Curso de PHP': Video En VHS
[INFO] 2026-01-30 16:18:50 - Recurso agregado al video 'Curso de PHP': Video En DVD
[INFO] 2026-01-30 16:30:20 - Se ha creado el recurso: Aprendiendo PHP
[INFO] 2026-01-30 16:30:20 - Se ha creado el recurso: Tech Monthly
[INFO] 2026-01-30 16:30:20 - Se ha creado el recurso: Curso de PHP
[INFO] 2026-01-30 16:30:20 - Recurso agregado al video 'Curso de PHP': Video En VHS
[INFO] 2026-01-30 16:30:20 - Recurso agregado al video 'Curso de PHP': Video En DVD
[INFO] 2026-01-30 16:31:55 - Se ha creado el recurso: Aprendiendo PHP
[INFO] 2026-01-30 16:31:55 - Se ha creado el recurso: Tech Monthly
[INFO] 2026-01-30 16:31:55 - Se ha creado el recurso: Curso de PHP
[INFO] 2026-01-30 16:31:55 - Recurso agregado al video 'Curso de PHP': Video En VHS
[INFO] 2026-01-30 16:31:55 - Recurso agregado al video 'Curso de PHP': Video En DVD
[INFO] 2026-01-30 18:30:49 - Se ha creado el recurso: Aprendiendo PHP
[INFO] 2026-01-30 18:30:49 - Se ha creado el recurso: Tech Monthly
[INFO] 2026-01-30 18:30:49 - Se ha creado el recurso: Curso de PHP
[INFO] 2026-01-30 18:30:49 - Recurso agregado al video '': Video En VHS
[INFO] 2026-01-30 18:30:49 - Recurso agregado al video '': Video En DVD
[INFO] 2026-01-30 18:31:40 - Se ha creado el recurso: Aprendiendo PHP
[INFO] 2026-01-30 18:31:40 - Se ha creado el recurso: Tech Monthly
[INFO] 2026-01-30 18:31:40 - Se ha creado el recurso: Curso de PHP
[INFO] 2026-01-30 18:31:40 - Recurso agregado al video '': Video En VHS
[INFO] 2026-01-30 18:31:40 - Recurso agregado al video '': Video En DVD
[INFO] 2026-01-30 18:33:35 - Se ha creado el recurso: Aprendiendo PHP
[INFO] 2026-01-30 18:34:31 - Se ha creado el recurso: libro1
[INFO] 2026-01-30 19:33:23 - Se ha creado el recurso: libro1
[INFO] 2026-01-30 19:33:23 - Se ha creado el recurso: libro2
[INFO] 2026-01-30 19:33:23 - Se ha creado el recurso: libro3
[INFO] 2026-01-30 19:33:23 - Se ha creado el recurso: libro4
[INFO] 2026-01-30 19:36:28 - Se ha creado el recurso: libro1
[INFO] 2026-01-30 19:36:28 - Se ha creado el recurso: libro2
[INFO] 2026-01-30 19:36:28 - Se ha creado el recurso: libro3
[INFO] 2026-01-30 19:36:28 - Se ha creado el recurso: libro4
[INFO] 2026-01-30 20:04:06 - Se ha creado el recurso: libro1
[INFO] 2026-01-30 20:04:06 - Se ha creado el recurso: libro2
[INFO] 2026-01-30 20:04:06 - Se ha creado el recurso: libro3
[INFO] 2026-01-30 20:04:06 - Se ha creado el recurso: libro4
[INFO] 2026-01-30 20:05:05 - Se ha creado el recurso: libro1
[INFO] 2026-01-30 20:05:06 - Se ha creado el recurso: libro2
[INFO] 2026-01-30 20:05:06 - Se ha creado el recurso: libro3
[INFO] 2026-01-30 20:05:06 - Se ha creado el recurso: libro4
[INFO] 2026-01-30 20:06:22 - Se ha creado el recurso: libro1
[INFO] 2026-01-30 20:06:22 - Se ha creado el recurso: libro2
[INFO] 2026-01-30 20:06:22 - Se ha creado el recurso: libro3
[INFO] 2026-01-30 20:06:22 - Se ha creado el recurso: libro4
[INFO] 2026-01-30 20:09:04 - Se ha creado el recurso: libro1
[INFO] 2026-01-30 20:09:04 - Se ha creado el recurso: libro2
[INFO] 2026-01-30 20:09:04 - Se ha creado el recurso: libro3
[INFO] 2026-01-30 20:09:04 - Se ha creado el recurso: libro4
[INFO] 2026-01-30 20:10:47 - Se ha creado el recurso: libro1
[INFO] 2026-01-30 20:10:47 - Se ha creado el recurso: libro2
[INFO] 2026-01-30 20:10:47 - Se ha creado el recurso: libro3
[INFO] 2026-01-30 20:10:47 - Se ha creado el recurso: libro4
[INFO] 2026-01-30 20:11:59 - Se ha creado el recurso: libro1
[INFO] 2026-01-30 20:11:59 - Se ha creado el recurso: libro2
[INFO] 2026-01-30 20:11:59 - Se ha creado el recurso: libro3
[INFO] 2026-01-30 20:11:59 - Se ha creado el recurso: libro4
[INFO]2026-01-30 20:13:02 - Se ha creado el recurso: libro1
[INFO]2026-01-30 20:13:02 - Se ha creado el recurso: libro2
[INFO]2026-01-30 20:13:02 - Se ha creado el recurso: libro3
[INFO]2026-01-30 20:13:02 - Se ha creado el recurso: libro4
[INFO]2026-01-30 20:13:36 - Se ha creado el recurso: libro1
[INFO]2026-01-30 20:13:36 - Se ha creado el recurso: libro2
[INFO]2026-01-30 20:13:36 - Se ha creado el recurso: libro3
[INFO]2026-01-30 20:13:36 - Se ha creado el recurso: libro4
[INFO]2026-01-30 20:23:58 - Se ha creado el recurso: libro1
[INFO]2026-01-30 20:23:58 - Se ha creado el recurso: libro2
[INFO]2026-01-30 20:23:58 - Se ha creado el recurso: libro3
[INFO]2026-01-30 20:23:58 - Se ha creado el recurso: libro4
[INFO]2026-01-30 20:24:45 - Se ha creado el recurso: libro1
[INFO]2026-01-30 20:24:45 - Se ha creado el recurso: libro2
[INFO]2026-01-30 20:24:45 - Se ha creado el recurso: libro3
[INFO]2026-01-30 20:24:45 - Se ha creado el recurso: libro4
[INFO]2026-01-30 20:26:07 - Se ha creado el recurso: libro1
[INFO]2026-01-30 20:26:07 - Se ha creado el recurso: libro2
[INFO]2026-01-30 20:26:07 - Se ha creado el recurso: libro3
[INFO]2026-01-30 20:26:07 - Se ha creado el recurso: libro4
[INFO]2026-01-30 20:29:27 - Se ha creado el recurso: libro1
[INFO]2026-01-30 20:29:27 - Se ha creado el recurso: libro2
[INFO]2026-01-30 20:29:27 - Se ha creado el recurso: libro3
[INFO]2026-01-30 20:29:27 - Se ha creado el recurso: libro4
[INFO]2026-01-30 20:32:39 - Se ha creado el recurso: libro1
[INFO]2026-01-30 20:32:39 - Se ha creado el recurso: libro2
[INFO]2026-01-30 20:32:39 - Se ha creado el recurso: libro3
[INFO]2026-01-30 20:32:39 - Se ha creado el recurso: libro4
[INFO]2026-02-01 15:26:54 - Se ha creado el recurso: libro1
[INFO]2026-02-01 15:26:54 - Se ha creado el recurso: libro2
[INFO]2026-02-01 15:26:54 - Se ha creado el recurso: libro3
[INFO]2026-02-01 15:26:54 - Se ha creado el recurso: libro4
[INFO]2026-02-01 17:19:58 - Se ha creado el recurso: libro1
[INFO]2026-02-01 17:19:58 - Se ha creado el recurso: libro2
[INFO]2026-02-01 17:19:58 - Se ha creado el recurso: libro3
[INFO]2026-02-01 17:19:58 - Se ha creado el recurso: libro4
[INFO]2026-02-01 17:21:37 - Se ha creado el recurso: libro1
[INFO]2026-02-01 17:21:37 - Se ha creado el recurso: libro2
[INFO]2026-02-01 17:21:37 - Se ha creado el recurso: libro3
[INFO]2026-02-01 17:21:37 - Se ha creado el recurso: libro4
[INFO]2026-02-01 17:53:41 - Se ha creado el recurso: libro1
[INFO]2026-02-01 17:53:41 - Se ha creado el recurso: libro2
[INFO]2026-02-01 17:53:41 - Se ha creado el recurso: libro3
[INFO]2026-02-01 17:53:41 - Se ha creado el recurso: libro4
[INFO]2026-02-01 17:58:12 - Se ha creado el recurso: libro1
[INFO]2026-02-01 17:58:12 - Se ha creado el recurso: libro2
[INFO]2026-02-01 17:58:12 - Se ha creado el recurso: libro3
[INFO]2026-02-01 17:58:12 - Se ha creado el recurso: libro4
[INFO]2026-02-01 17:59:12 - Se ha creado el recurso: libro1
[INFO]2026-02-01 17:59:12 - Se ha creado el recurso: libro2
[INFO]2026-02-01 17:59:12 - Se ha creado el recurso: libro3
[INFO]2026-02-01 17:59:12 - Se ha creado el recurso: libro4
[INFO]2026-02-01 18:00:30 - Se ha creado el recurso: libro1
[INFO]2026-02-01 18:00:30 - Se ha creado el recurso: libro2
[INFO]2026-02-01 18:00:30 - Se ha creado el recurso: libro3
[INFO]2026-02-01 18:00:31 - Se ha creado el recurso: libro4
[INFO]2026-02-01 18:02:05 - Se ha creado el recurso: libro1
[INFO]2026-02-01 18:02:05 - Se ha creado el recurso: libro2
[INFO]2026-02-01 18:02:05 - Se ha creado el recurso: libro3
[INFO]2026-02-01 18:02:05 - Se ha creado el recurso: libro4
[INFO]2026-02-01 18:02:45 - Se ha creado el recurso: libro1
[INFO]2026-02-01 18:02:45 - Se ha creado el recurso: libro2
[INFO]2026-02-01 18:02:45 - Se ha creado el recurso: libro3
[INFO]2026-02-01 18:02:45 - Se ha creado el recurso: libro4
[INFO]2026-02-01 18:04:27 - Se ha creado el recurso: libro1
[INFO]2026-02-01 18:04:27 - Se ha creado el recurso: libro2
[INFO]2026-02-01 18:04:27 - Se ha creado el recurso: libro3
[INFO]2026-02-01 18:04:27 - Se ha creado el recurso: libro4
[INFO]2026-02-01 18:06:10 - Se ha creado el recurso: libro1
[INFO]2026-02-01 18:06:10 - Se ha creado el recurso: libro2
[INFO]2026-02-01 18:06:10 - Se ha creado el recurso: libro3
[INFO]2026-02-01 18:06:10 - Se ha creado el recurso: libro4
[INFO]2026-02-01 18:06:21 - Se ha creado el recurso: libro1
[INFO]2026-02-01 18:06:21 - Se ha creado el recurso: libro2
[INFO]2026-02-01 18:06:21 - Se ha creado el recurso: libro3
[INFO]2026-02-01 18:06:21 - Se ha creado el recurso: libro4
[INFO]2026-02-01 18:06:55 - Se ha creado el recurso: libro1
[INFO]2026-02-01 18:06:55 - Se ha creado el recurso: libro2
[INFO]2026-02-01 18:06:55 - Se ha creado el recurso: libro3
[INFO]2026-02-01 18:06:55 - Se ha creado el recurso: libro4
[INFO]2026-02-01 18:09:23 - Se ha creado el recurso: libro1
[INFO]2026-02-01 18:09:23 - Se ha creado el recurso: libro2
[INFO]2026-02-01 18:09:23 - Se ha creado el recurso: libro3
[INFO]2026-02-01 18:09:23 - Se ha creado el recurso: libro4
[INFO]2026-02-01 18:20:10 - Se ha creado el recurso: libro1
[INFO]2026-02-01 18:20:10 - Se ha creado el recurso: libro2
[INFO]2026-02-01 18:20:10 - Se ha creado el recurso: libro3
[INFO]2026-02-01 18:20:10 - Se ha creado el recurso: libro4
[INFO]2026-02-01 18:23:13 - Se ha creado el recurso: libro1
[INFO]2026-02-01 18:23:13 - Se ha creado el recurso: libro2
[INFO]2026-02-01 18:23:13 - Se ha creado el recurso: libro3
[INFO]2026-02-01 18:23:13 - Se ha creado el recurso: libro4
[INFO]2026-02-01 18:25:43 - Se ha creado el recurso: libro1
[INFO]2026-02-01 18:25:43 - Se ha creado el recurso: libro2
[INFO]2026-02-01 18:25:43 - Se ha creado el recurso: libro3
[INFO]2026-02-01 18:25:43 - Se ha creado el recurso: libro4
[INFO]2026-02-01 18:26:36 - Se ha creado el recurso: libro1
[INFO]2026-02-01 18:26:36 - Se ha creado el recurso: libro2
[INFO]2026-02-01 18:26:36 - Se ha creado el recurso: libro3
[INFO]2026-02-01 18:26:36 - Se ha creado el recurso: libro4
[INFO]2026-02-01 18:32:31 - Se ha creado el recurso: libro1
[INFO]2026-02-01 18:32:31 - Se ha creado el recurso: libro2
[INFO]2026-02-01 18:32:31 - Se ha creado el recurso: libro3
[INFO]2026-02-01 18:32:31 - Se ha creado el recurso: libro4
[INFO]2026-02-01 18:33:09 - Se ha creado el recurso: libro1
[INFO]2026-02-01 18:33:09 - Se ha creado el recurso: libro2
[INFO]2026-02-01 18:33:09 - Se ha creado el recurso: libro3
[INFO]2026-02-01 18:33:09 - Se ha creado el recurso: libro4
[INFO]2026-02-01 18:36:48 - Se ha creado el recurso: libro1
[INFO]2026-02-01 18:36:48 - Se ha creado el recurso: libro2
[INFO]2026-02-01 18:36:48 - Se ha creado el recurso: libro3
[INFO]2026-02-01 18:36:48 - Se ha creado el recurso: libro4
[INFO]2026-02-01 18:37:10 - Se ha creado el recurso: libro1
[INFO]2026-02-01 18:37:10 - Se ha creado el recurso: libro2
[INFO]2026-02-01 18:37:10 - Se ha creado el recurso: libro3
[INFO]2026-02-01 18:37:10 - Se ha creado el recurso: libro4
[INFO]2026-02-01 18:37:49 - Se ha creado el recurso: libro1
[INFO]2026-02-01 18:37:49 - Se ha creado el recurso: libro2
[INFO]2026-02-01 18:37:49 - Se ha creado el recurso: libro3
[INFO]2026-02-01 18:37:49 - Se ha creado el recurso: libro4
[INFO]2026-02-01 18:39:05 - Se ha creado el recurso: libro1
[INFO]2026-02-01 18:39:05 - Se ha creado el recurso: libro2
[INFO]2026-02-01 18:39:05 - Se ha creado el recurso: libro3
[INFO]2026-02-01 18:39:05 - Se ha creado el recurso: libro4
[INFO]2026-02-01 18:40:26 - Se ha creado el recurso: libro1
[INFO]2026-02-01 18:40:26 - Se ha creado el recurso: libro2
[INFO]2026-02-01 18:40:26 - Se ha creado el recurso: libro3
[INFO]2026-02-01 18:40:26 - Se ha creado el recurso: libro4
[INFO]2026-02-01 18:40:53 - Se ha creado el recurso: libro1
[INFO]2026-02-01 18:40:53 - Se ha creado el recurso: libro2
[INFO]2026-02-01 18:40:53 - Se ha creado el recurso: libro3
[INFO]2026-02-01 18:40:53 - Se ha creado el recurso: libro4
[INFO]2026-02-01 18:40:53 - Se ha creado el recurso: libro1
[INFO]2026-02-01 18:40:53 - Se ha creado el recurso: libro2
[INFO]2026-02-01 18:40:53 - Se ha creado el recurso: libro3
[INFO]2026-02-01 18:40:53 - Se ha creado el recurso: libro4
[INFO]2026-02-01 18:40:54 - Se ha creado el recurso: libro1
[INFO]2026-02-01 18:40:54 - Se ha creado el recurso: libro2
[INFO]2026-02-01 18:40:54 - Se ha creado el recurso: libro3
[INFO]2026-02-01 18:40:54 - Se ha creado el recurso: libro4
[INFO]2026-02-01 18:40:54 - Se ha creado el recurso: libro1
[INFO]2026-02-01 18:40:54 - Se ha creado el recurso: libro2
[INFO]2026-02-01 18:40:54 - Se ha creado el recurso: libro3
[INFO]2026-02-01 18:40:54 - Se ha creado el recurso: libro4
[INFO]2026-02-01 18:40:54 - Se ha creado el recurso: libro1
[INFO]2026-02-01 18:40:54 - Se ha creado el recurso: libro2
[INFO]2026-02-01 18:40:54 - Se ha creado el recurso: libro3
[INFO]2026-02-01 18:40:54 - Se ha creado el recurso: libro4
[INFO]2026-02-01 18:40:54 - Se ha creado el recurso: libro1
[INFO]2026-02-01 18:40:54 - Se ha creado el recurso: libro2
[INFO]2026-02-01 18:40:54 - Se ha creado el recurso: libro3
[INFO]2026-02-01 18:40:54 - Se ha creado el recurso: libro4
[INFO]2026-02-01 18:41:09 - Se ha creado el recurso: libro1
[INFO]2026-02-01 18:41:09 - Se ha creado el recurso: libro2
[INFO]2026-02-01 18:41:09 - Se ha creado el recurso: libro3
[INFO]2026-02-01 18:41:09 - Se ha creado el recurso: libro4
[INFO]2026-02-01 18:41:24 - Se ha creado el recurso: libro1
[INFO]2026-02-01 18:41:24 - Se ha creado el recurso: libro2
[INFO]2026-02-01 18:41:24 - Se ha creado el recurso: libro3
[INFO]2026-02-01 18:41:24 - Se ha creado el recurso: libro4
[INFO]2026-02-01 18:41:38 - Se ha creado el recurso: libro1
[INFO]2026-02-01 18:41:38 - Se ha creado el recurso: libro2
[INFO]2026-02-01 18:41:38 - Se ha creado el recurso: libro3
[INFO]2026-02-01 18:41:38 - Se ha creado el recurso: libro4
[INFO]2026-02-01 18:41:48 - Se ha creado el recurso: libro1
[INFO]2026-02-01 18:41:48 - Se ha creado el recurso: libro2
[INFO]2026-02-01 18:41:48 - Se ha creado el recurso: libro3
[INFO]2026-02-01 18:41:48 - Se ha creado el recurso: libro4
[INFO]2026-02-01 18:42:34 - Se ha creado el recurso: libro1
[INFO]2026-02-01 18:42:34 - Se ha creado el recurso: libro2
[INFO]2026-02-01 18:42:34 - Se ha creado el recurso: libro3
[INFO]2026-02-01 18:42:35 - Se ha creado el recurso: libro4
[INFO]2026-02-01 18:44:09 - Se ha creado el recurso: libro1
[INFO]2026-02-01 18:44:09 - Se ha creado el recurso: libro2
[INFO]2026-02-01 18:44:09 - Se ha creado el recurso: libro3
[INFO]2026-02-01 18:44:09 - Se ha creado el recurso: libro4
[INFO]2026-02-01 18:45:29 - Se ha creado el recurso: libro1
[INFO]2026-02-01 18:45:29 - Se ha creado el recurso: libro2
[INFO]2026-02-01 18:45:29 - Se ha creado el recurso: libro3
[INFO]2026-02-01 18:45:29 - Se ha creado el recurso: libro4
[INFO]2026-02-01 18:46:23 - Se ha creado el recurso: libro1
[INFO]2026-02-01 18:46:23 - Se ha creado el recurso: libro2
[INFO]2026-02-01 18:46:23 - Se ha creado el recurso: libro3
[INFO]2026-02-01 18:46:23 - Se ha creado el recurso: libro4
[INFO]2026-02-01 18:47:20 - Se ha creado el recurso: libro1
[INFO]2026-02-01 18:47:20 - Se ha creado el recurso: libro2
[INFO]2026-02-01 18:47:20 - Se ha creado el recurso: libro3
[INFO]2026-02-01 18:47:20 - Se ha creado el recurso: libro4
[INFO]2026-02-01 18:47:38 - Se ha creado el recurso: libro1
[INFO]2026-02-01 18:47:38 - Se ha creado el recurso: libro2
[INFO]2026-02-01 18:47:38 - Se ha creado el recurso: libro3
[INFO]2026-02-01 18:47:38 - Se ha creado el recurso: libro4
[INFO]2026-02-01 18:47:57 - Se ha creado el recurso: libro1
[INFO]2026-02-01 18:47:57 - Se ha creado el recurso: libro2
[INFO]2026-02-01 18:47:57 - Se ha creado el recurso: libro3
[INFO]2026-02-01 18:47:57 - Se ha creado el recurso: libro4
[INFO]2026-02-01 18:48:17 - Se ha creado el recurso: libro1
[INFO]2026-02-01 18:48:17 - Se ha creado el recurso: libro2
[INFO]2026-02-01 18:48:17 - Se ha creado el recurso: libro3
[INFO]2026-02-01 18:48:17 - Se ha creado el recurso: libro4
[INFO]2026-02-01 18:48:35 - Se ha creado el recurso: libro1
[INFO]2026-02-01 18:48:35 - Se ha creado el recurso: libro2
[INFO]2026-02-01 18:48:35 - Se ha creado el recurso: libro3
[INFO]2026-02-01 18:48:35 - Se ha creado el recurso: libro4
[INFO]2026-02-01 18:49:58 - Se ha creado el recurso: libro1
[INFO]2026-02-01 18:49:58 - Se ha creado el recurso: libro2
[INFO]2026-02-01 18:49:58 - Se ha creado el recurso: libro3
[INFO]2026-02-01 18:49:58 - Se ha creado el recurso: libro4
[INFO]2026-02-01 18:51:38 - Se ha creado el recurso: libro1
[INFO]2026-02-01 18:51:38 - Se ha creado el recurso: libro2
[INFO]2026-02-01 18:51:38 - Se ha creado el recurso: libro3
[INFO]2026-02-01 18:51:38 - Se ha creado el recurso: libro4
[INFO]2026-02-01 18:58:32 - Se ha creado el recurso: libro1
[INFO]2026-02-01 18:58:32 - Se ha creado el recurso: libro2
[INFO]2026-02-01 18:58:32 - Se ha creado el recurso: libro3
[INFO]2026-02-01 18:58:32 - Se ha creado el recurso: libro4
[INFO]2026-02-01 19:08:31 - Se ha creado el recurso: libro1
[INFO]2026-02-01 19:08:31 - Se ha creado el recurso: libro2
[INFO]2026-02-01 19:08:31 - Se ha creado el recurso: libro3
[INFO]2026-02-01 19:08:31 - Se ha creado el recurso: libro4
[INFO]2026-02-01 19:09:06 - Se ha creado el recurso: libro1
[INFO]2026-02-01 19:09:06 - Se ha creado el recurso: libro2
[INFO]2026-02-01 19:09:06 - Se ha creado el recurso: libro3
[INFO]2026-02-01 19:09:06 - Se ha creado el recurso: libro4
[INFO]2026-02-01 19:10:59 - Se ha creado el recurso: libro1
[INFO]2026-02-01 19:10:59 - Se ha creado el recurso: libro2
[INFO]2026-02-01 19:10:59 - Se ha creado el recurso: libro3
[INFO]2026-02-01 19:10:59 - Se ha creado el recurso: libro4
[INFO]2026-02-01 19:11:16 - Se ha creado el recurso: libro1
[INFO]2026-02-01 19:11:16 - Se ha creado el recurso: libro2
[INFO]2026-02-01 19:11:16 - Se ha creado el recurso: libro3
[INFO]2026-02-01 19:11:16 - Se ha creado el recurso: libro4
[INFO]2026-02-01 19:11:17 - Se ha creado el recurso: libro1
[INFO]2026-02-01 19:11:17 - Se ha creado el recurso: libro2
[INFO]2026-02-01 19:11:18 - Se ha creado el recurso: libro3
[INFO]2026-02-01 19:11:18 - Se ha creado el recurso: libro4
[INFO]2026-02-01 19:11:18 - Se ha creado el recurso: libro1
[INFO]2026-02-01 19:11:18 - Se ha creado el recurso: libro2
[INFO]2026-02-01 19:11:18 - Se ha creado el recurso: libro3
[INFO]2026-02-01 19:11:18 - Se ha creado el recurso: libro4
[INFO]2026-02-01 19:11:19 - Se ha creado el recurso: libro1
[INFO]2026-02-01 19:11:19 - Se ha creado el recurso: libro2
[INFO]2026-02-01 19:11:19 - Se ha creado el recurso: libro3
[INFO]2026-02-01 19:11:19 - Se ha creado el recurso: libro4
[INFO]2026-02-01 19:15:07 - Se ha creado el recurso: libro1
[INFO]2026-02-01 19:15:07 - Se ha creado el recurso: libro2
[INFO]2026-02-01 19:15:07 - Se ha creado el recurso: libro3
[INFO]2026-02-01 19:15:07 - Se ha creado el recurso: libro4
[INFO]2026-02-01 19:16:13 - Se ha creado el recurso: libro1
[INFO]2026-02-01 19:16:13 - Se ha creado el recurso: libro2
[INFO]2026-02-01 19:16:13 - Se ha creado el recurso: libro3
[INFO]2026-02-01 19:16:13 - Se ha creado el recurso: libro4
[INFO]2026-02-01 19:17:03 - Se ha creado el recurso: libro1
[INFO]2026-02-01 19:17:03 - Se ha creado el recurso: libro2
[INFO]2026-02-01 19:17:03 - Se ha creado el recurso: libro3
[INFO]2026-02-01 19:17:03 - Se ha creado el recurso: libro4
[INFO]2026-02-01 19:23:22 - Se ha creado el recurso: libro1
[INFO]2026-02-01 19:23:22 - Se ha creado el recurso: libro2
[INFO]2026-02-01 19:23:22 - Se ha creado el recurso: libro3
[INFO]2026-02-01 19:23:22 - Se ha creado el recurso: libro4
[INFO]2026-02-01 19:23:58 - Se ha creado el recurso: libro1
[INFO]2026-02-01 19:23:58 - Se ha creado el recurso: libro2
[INFO]2026-02-01 19:23:59 - Se ha creado el recurso: libro3
[INFO]2026-02-01 19:23:59 - Se ha creado el recurso: libro4
[INFO]2026-02-01 19:24:16 - Se ha creado el recurso: libro1
[INFO]2026-02-01 19:24:16 - Se ha creado el recurso: libro2
[INFO]2026-02-01 19:24:16 - Se ha creado el recurso: libro3
[INFO]2026-02-01 19:24:16 - Se ha creado el recurso: libro4
[INFO]2026-02-01 19:24:31 - Se ha creado el recurso: libro1
[INFO]2026-02-01 19:24:31 - Se ha creado el recurso: libro2
[INFO]2026-02-01 19:24:31 - Se ha creado el recurso: libro3
[INFO]2026-02-01 19:24:31 - Se ha creado el recurso: libro4
[INFO]2026-02-01 19:25:49 - Se ha creado el recurso: libro1
[INFO]2026-02-01 19:25:49 - Se ha creado el recurso: libro2
[INFO]2026-02-01 19:25:49 - Se ha creado el recurso: libro3
[INFO]2026-02-01 19:25:49 - Se ha creado el recurso: libro4
[INFO]2026-02-01 19:27:22 - Se ha creado el recurso: libro1
[INFO]2026-02-01 19:27:22 - Se ha creado el recurso: libro2
[INFO]2026-02-01 19:27:22 - Se ha creado el recurso: libro3
[INFO]2026-02-01 19:27:22 - Se ha creado el recurso: libro4
[INFO]2026-02-02 11:25:11 - Se ha creado el recurso: libro1
[INFO]2026-02-02 11:25:11 - Se ha creado el recurso: libro2
[INFO]2026-02-02 11:25:11 - Se ha creado el recurso: libro3
[INFO]2026-02-02 11:25:11 - Se ha creado el recurso: libro4
[INFO]2026-02-02 16:09:40 - Se ha creado el recurso: libro1
[INFO]2026-02-02 16:09:40 - Se ha creado el recurso: libro2
[INFO]2026-02-02 16:09:40 - Se ha creado el recurso: libro3
[INFO]2026-02-02 16:09:41 - Se ha creado el recurso: libro4
[INFO]2026-02-02 17:04:32 - Se ha creado el recurso: libro1
[INFO]2026-02-02 17:04:33 - Se ha creado el recurso: libro2
[INFO]2026-02-02 17:04:33 - Se ha creado el recurso: libro3
[INFO]2026-02-02 17:04:33 - Se ha creado el recurso: libro4
[INFO]2026-02-02 17:04:42 - Se ha creado el recurso: libro1
[INFO]2026-02-02 17:04:42 - Se ha creado el recurso: libro2
[INFO]2026-02-02 17:04:42 - Se ha creado el recurso: libro3
[INFO]2026-02-02 17:04:42 - Se ha creado el recurso: libro4
[INFO]2026-02-02 17:28:02 - Se ha creado el recurso: libro1
[INFO]2026-02-02 17:28:02 - Se ha creado el recurso: libro2
[INFO]2026-02-02 17:28:02 - Se ha creado el recurso: libro3
[INFO]2026-02-02 17:28:02 - Se ha creado el recurso: libro4
[INFO]2026-02-02 17:28:48 - Se ha creado el recurso: libro1
[INFO]2026-02-02 17:28:48 - Se ha creado el recurso: libro2
[INFO]2026-02-02 17:28:48 - Se ha creado el recurso: libro3
[INFO]2026-02-02 17:28:48 - Se ha creado el recurso: libro4
[INFO]2026-02-02 17:28:59 - Se ha creado el recurso: libro1
[INFO]2026-02-02 17:28:59 - Se ha creado el recurso: libro2
[INFO]2026-02-02 17:28:59 - Se ha creado el recurso: libro3
[INFO]2026-02-02 17:28:59 - Se ha creado el recurso: libro4
[INFO]2026-02-04 16:59:26 - Se ha creado el recurso: Libro de prueba
[INFO]2026-02-04 16:59:26 - Se ha creado el recurso: Libro de prueba
[INFO]2026-02-04 17:00:18 - Se ha creado el recurso: Libro de prueba
[INFO]2026-02-04 17:00:18 - Se ha creado el recurso: Libro de prueba
[INFO]2026-02-04 17:03:52 - Se ha creado el recurso: Libro de prueba
[INFO]2026-02-04 17:03:52 - Se ha creado el recurso: Libro de prueba
[INFO]2026-02-04 17:05:47 - Se ha creado el recurso: Libro de prueba
[INFO]2026-02-04 17:05:47 - Se ha creado el recurso: Libro de prueba
[INFO]2026-02-04 17:05:53 - Se ha creado el recurso: Libro de prueba
[INFO]2026-02-04 17:05:53 - Se ha creado el recurso: Libro de prueba
[INFO]2026-02-04 17:14:10 - Se ha creado el recurso: Libro de prueba
[INFO]2026-02-04 17:14:12 - Se ha creado el recurso: Libro de prueba
[INFO]2026-02-06 12:04:03 - Se ha creado el recurso: libro1
[INFO]2026-02-06 12:04:03 - Se ha creado el recurso: libro2
[INFO]2026-02-06 12:04:03 - Se ha creado el recurso: libro3
[INFO]2026-02-06 12:04:03 - Se ha creado el recurso: libro4
[INFO]2026-02-06 12:04:47 - Se ha creado el recurso: Libro de prueba
[INFO]2026-02-06 12:04:47 - Se ha creado el recurso: Libro de prueba
[INFO]2026-02-06 16:07:08 - Se ha creado el recurso: libro1
[INFO]2026-02-06 16:07:08 - Se ha creado el recurso: libro2
[INFO]2026-02-06 16:07:09 - Se ha creado el recurso: libro3
[INFO]2026-02-06 16:07:09 - Se ha creado el recurso: libro4
[INFO]2026-02-06 16:18:43 - Se ha creado el recurso: Libro de prueba
[INFO]2026-02-06 16:18:43 - Se ha creado el recurso: Libro de prueba
[INFO]2026-02-06 16:18:43 - Se ha creado el recurso: Libro de prueba
[INFO]2026-02-06 16:26:25 - Se ha creado el recurso: Libro de prueba
[INFO]2026-02-06 16:26:25 - Se ha creado el recurso: Libro de prueba
[INFO]2026-02-06 16:26:25 - Se ha creado el recurso: Libro de prueba
[INFO]2026-02-06 16:26:36 - Se ha creado el recurso: Libro de prueba
[INFO]2026-02-06 16:26:36 - Se ha creado el recurso: Libro de prueba
[INFO]2026-02-06 16:26:36 - Se ha creado el recurso: Libro de prueba
[INFO]2026-02-06 16:26:59 - Se ha creado el recurso: Libro de prueba
[INFO]2026-02-06 16:27:04 - Se ha creado el recurso: Libro de prueba
[INFO]2026-02-06 16:29:13 - Se ha creado el recurso: Libro de prueba
[INFO]2026-02-06 16:29:13 - Se ha creado el recurso: Libro de prueba
[INFO]2026-02-06 16:29:13 - Se ha creado el recurso: Libro de prueba
[INFO]2026-02-06 16:29:32 - Se ha creado el recurso: Libro de prueba
[INFO]2026-02-06 16:29:35 - Se ha creado el recurso: Libro de prueba
[INFO]2026-02-06 16:29:35 - Se ha creado el recurso: Libro de prueba
[INFO]2026-02-06 16:29:35 - Se ha creado el recurso: Libro de prueba
[INFO]2026-02-06 16:30:29 - Se ha creado el recurso: Libro de prueba
[INFO]2026-02-06 16:31:18 - Se ha creado el recurso: Libro de prueba
[INFO]2026-02-06 16:31:18 - Se ha creado el recurso: Libro de prueba
[INFO]2026-02-06 16:31:19 - Se ha creado el recurso: Libro de prueba
[INFO]2026-02-06 16:31:21 - Se ha creado el recurso: Libro de prueba
[INFO]2026-02-06 16:31:24 - Se ha creado el recurso: Libro de prueba
[INFO]2026-02-06 16:31:24 - Se ha creado el recurso: Libro de prueba
[INFO]2026-02-06 16:31:24 - Se ha creado el recurso: Libro de prueba
[INFO]2026-02-06 16:32:57 - Se ha creado el recurso: Libro de prueba
[INFO]2026-02-06 16:32:57 - Se ha creado el recurso: Libro de prueba
[INFO]2026-02-06 16:32:58 - Se ha creado el recurso: Libro de prueba
[INFO]2026-02-06 16:35:30 - Se ha creado el recurso: Libro de prueba
[INFO]2026-02-06 16:35:51 - Se ha creado el recurso: Libro de prueba
[INFO]2026-02-06 16:35:51 - Se ha creado el recurso: Libro de prueba
[INFO]2026-02-06 16:35:51 - Se ha creado el recurso: Libro de prueba
[INFO]2026-02-06 16:37:10 - Se ha creado el recurso: Libro de prueba
[INFO]2026-02-06 16:37:20 - Se ha creado el recurso: Libro de prueba
[INFO]2026-02-06 16:37:20 - Se ha creado el recurso: Libro de prueba
[INFO]2026-02-06 16:37:29 - Se ha creado el recurso: Libro de prueba
[INFO]2026-02-06 16:37:29 - Se ha creado el recurso: Libro de prueba
[INFO]2026-02-06 16:37:29 - Se ha creado el recurso: Libro de prueba
[INFO]2026-02-06 16:38:11 - Se ha creado el recurso: Libro de prueba
[INFO]2026-02-06 16:38:11 - Se ha creado el recurso: Libro de prueba dos
[INFO]2026-02-06 16:38:23 - Se ha creado el recurso: Libro de prueba
[INFO]2026-02-06 16:38:23 - Se ha creado el recurso: Libro de prueba dos
[INFO]2026-02-06 16:38:27 - Se ha creado el recurso: Libro de prueba
[INFO]2026-02-06 16:38:27 - Se ha creado el recurso: Libro de prueba dos
[INFO]2026-02-06 16:38:28 - Se ha creado el recurso: Libro de prueba
[INFO]2026-02-06 16:38:28 - Se ha creado el recurso: Libro de prueba dos
[INFO]2026-02-06 16:38:28 - Se ha creado el recurso: Libro de prueba
[INFO]2026-02-06 16:38:28 - Se ha creado el recurso: Libro de prueba dos
[INFO]2026-02-06 16:38:28 - Se ha creado el recurso: Libro de prueba
[INFO]2026-02-06 16:38:28 - Se ha creado el recurso: Libro de prueba dos
[INFO]2026-02-06 16:38:46 - Se ha creado el recurso: Libro de prueba
[INFO]2026-02-06 16:38:51 - Se ha creado el recurso: Libro de prueba
[INFO]2026-02-06 16:38:52 - Se ha creado el recurso: Libro de prueba
[INFO]2026-02-06 16:38:52 - Se ha creado el recurso: Libro de prueba
[INFO]2026-02-06 16:38:52 - Se ha creado el recurso: Libro de prueba
[INFO]2026-02-06 16:39:07 - Se ha creado el recurso: Libro de prueba
[INFO]2026-02-06 16:49:16 - Se ha creado el recurso: Libro de prueba
[INFO]2026-02-06 16:52:12 - Se ha creado el recurso: Libro de prueba
[INFO]2026-02-06 16:52:39 - Se ha creado el recurso: Libro de prueba
[INFO]2026-02-06 16:52:39 - Se ha creado el recurso: Libro de prueba
[INFO]2026-02-06 16:52:39 - Se ha creado el recurso: Libro de prueba
[INFO]2026-02-06 16:52:39 - Se ha creado el recurso: Libro de prueba
[INFO]2026-02-06 16:52:42 - Se ha creado el recurso: Libro de prueba
[INFO]2026-02-06 16:52:46 - Se ha creado el recurso: Libro de prueba
[INFO]2026-02-06 16:53:11 - Se ha creado el recurso: Libro de prueba
[INFO]2026-02-06 16:53:13 - Se ha creado el recurso: Libro de prueba
[INFO]2026-02-06 16:53:14 - Se ha creado el recurso: Libro de prueba
[INFO]2026-02-06 16:53:14 - Se ha creado el recurso: Libro de prueba
[INFO]2026-02-06 16:53:14 - Se ha creado el recurso: Libro de prueba
[INFO]2026-02-06 16:57:16 - Se ha creado el recurso: Libro de prueba
[INFO]2026-02-06 16:57:16 - Se ha creado el recurso: Libro de prueba
[INFO]2026-02-06 16:57:58 - Se ha creado el recurso: Libro de prueba
[INFO]2026-02-06 16:57:58 - Se ha creado el recurso: Libro de prueba
[INFO]2026-02-06 16:58:31 - Se ha creado el recurso: Libro de prueba
[INFO]2026-02-06 16:58:45 - Se ha creado el recurso: Libro de prueba
[INFO]2026-02-06 16:59:35 - Se ha creado el recurso: Libro de prueba
[INFO]2026-02-06 17:01:08 - Se ha creado el recurso: Libro de prueba
[INFO]2026-02-06 17:02:07 - Se ha creado el recurso: Libro de prueba
[INFO]2026-02-06 17:02:33 - Se ha creado el recurso: Libro de prueba
[INFO]2026-02-06 17:02:40 - Se ha creado el recurso: Libro de prueba
[INFO]2026-02-06 17:03:01 - Se ha creado el recurso: Libro de prueba
[INFO]2026-02-06 17:03:56 - Se ha creado el recurso: Libro de prueba
[INFO]2026-02-06 17:03:56 - Se ha creado el recurso: Libro de prueba
[INFO]2026-02-06 17:03:56 - Se ha creado el recurso: Libro de prueba
[INFO]2026-02-06 17:03:56 - Se ha creado el recurso: Libro de prueba
[INFO]2026-02-06 17:04:04 - Se ha creado el recurso: Libro de prueba
[INFO]2026-02-06 17:06:26 - Se ha creado el recurso: Libro de prueba
[INFO]2026-02-06 17:06:29 - Se ha creado el recurso: Libro de prueba
[INFO]2026-02-06 17:06:29 - Se ha creado el recurso: Libro de prueba
[INFO]2026-02-06 17:06:29 - Se ha creado el recurso: Libro de prueba
[INFO]2026-02-06 17:06:29 - Se ha creado el recurso: Libro de prueba
[INFO]2026-02-06 17:06:33 - Se ha creado el recurso: Libro de prueba
[INFO]2026-02-06 17:06:33 - Se ha creado el recurso: Libro de prueba
[INFO]2026-02-06 17:06:33 - Se ha creado el recurso: Libro de prueba
[INFO]2026-02-06 17:06:34 - Se ha creado el recurso: Libro de prueba
[INFO]2026-02-06 17:13:10 - Se ha creado el recurso: Libro de prueba
[INFO]2026-02-06 17:13:10 - Se ha creado el recurso: libro2
[INFO]2026-02-06 17:13:10 - Se ha creado el recurso: libro3
[INFO]2026-02-06 17:13:10 - Se ha creado el recurso: libro4
[INFO]2026-02-06 17:13:59 - Se ha creado el recurso: Libro de prueba
[INFO]2026-02-06 17:13:59 - Se ha creado el recurso: libro2
[INFO]2026-02-06 17:13:59 - Se ha creado el recurso: libro3
[INFO]2026-02-06 17:13:59 - Se ha creado el recurso: libro4
[INFO]2026-02-06 17:15:46 - Se ha creado el recurso: Libro de prueba
[INFO]2026-02-06 17:15:46 - Se ha creado el recurso: libro2
[INFO]2026-02-06 17:15:46 - Se ha creado el recurso: libro3
[INFO]2026-02-06 17:15:46 - Se ha creado el recurso: libro4
[INFO]2026-02-06 17:16:54 - Se ha creado el recurso: Libro de prueba
[INFO]2026-02-06 17:16:54 - Se ha creado el recurso: libro2
[INFO]2026-02-06 17:16:54 - Se ha creado el recurso: libro3
[INFO]2026-02-06 17:16:54 - Se ha creado el recurso: libro4
[INFO]2026-02-06 17:17:06 - Se ha creado el recurso: Libro de prueba
[INFO]2026-02-06 17:17:06 - Se ha creado el recurso: Libro de prueba
[INFO]2026-02-06 17:17:07 - Se ha creado el recurso: Libro de prueba
[INFO]2026-02-06 17:17:07 - Se ha creado el recurso: Libro de prueba
[INFO]2026-02-06 17:17:07 - Se ha creado el recurso: Libro de prueba
[INFO]2026-02-06 17:17:07 - Se ha creado el recurso: libro2
[INFO]2026-02-06 17:17:07 - Se ha creado el recurso: libro3
[INFO]2026-02-06 17:17:07 - Se ha creado el recurso: libro4
[INFO]2026-02-06 17:19:06 - Se ha creado el recurso: Libro de prueba
[INFO]2026-02-06 17:19:06 - Se ha creado el recurso: Libro de prueba
[INFO]2026-02-06 17:19:06 - Se ha creado el recurso: Libro de prueba
[INFO]2026-02-06 17:19:06 - Se ha creado el recurso: Libro de prueba
[INFO]2026-02-06 17:19:06 - Se ha creado el recurso: Libro de prueba
[INFO]2026-02-06 17:19:06 - Se ha creado el recurso: libro2
[INFO]2026-02-06 17:19:06 - Se ha creado el recurso: libro3
[INFO]2026-02-06 17:19:06 - Se ha creado el recurso: libro4
[INFO]2026-02-06 17:19:27 - Se ha creado el recurso: Libro de prueba
[INFO]2026-02-06 17:19:27 - Se ha creado el recurso: Libro de prueba
[INFO]2026-02-06 17:19:27 - Se ha creado el recurso: Libro de prueba
[INFO]2026-02-06 17:19:27 - Se ha creado el recurso: Libro de prueba
[INFO]2026-02-06 17:19:27 - Se ha creado el recurso: Libro de prueba
[INFO]2026-02-06 17:19:27 - Se ha creado el recurso: libro2
[INFO]2026-02-06 17:19:27 - Se ha creado el recurso: libro3
[INFO]2026-02-06 17:19:27 - Se ha creado el recurso: libro4
[INFO]2026-02-06 17:25:12 - Se ha creado el recurso: Libro de prueba
[INFO]2026-02-06 17:26:14 - Se ha creado el recurso: Libro de prueba
[INFO]2026-02-06 17:28:13 - Se ha creado el recurso: Libro de prueba
[INFO]2026-02-06 17:28:13 - Se ha creado el recurso: libro2
[INFO]2026-02-06 17:28:13 - Se ha creado el recurso: libro3
[INFO]2026-02-06 17:28:13 - Se ha creado el recurso: libro4
[INFO]2026-02-06 17:29:07 - Se ha creado el recurso: Libro de prueba
[INFO]2026-02-06 17:29:07 - Se ha creado el recurso: libro2
[INFO]2026-02-06 17:29:07 - Se ha creado el recurso: libro3
[INFO]2026-02-06 17:29:07 - Se ha creado el recurso: libro4
[INFO]2026-02-06 17:33:58 - Se ha creado el recurso: Libro de prueba
[INFO]2026-02-06 17:33:58 - Se ha creado el recurso: libro2
[INFO]2026-02-06 17:33:58 - Se ha creado el recurso: libro3
[INFO]2026-02-06 17:33:58 - Se ha creado el recurso: libro4
[INFO]2026-02-06 17:42:29 - Se ha creado el recurso: Libro de prueba
[INFO]2026-02-06 17:42:29 - Se ha creado el recurso: Libro de prueba
[INFO]2026-02-06 17:42:29 - Se ha creado el recurso: Libro de prueba
[INFO]2026-02-06 17:42:29 - Se ha creado el recurso: Libro de prueba
[INFO]2026-02-06 17:42:29 - Se ha creado el recurso: Libro de prueba
[INFO]2026-02-06 17:42:29 - Se ha creado el recurso: libro2
[INFO]2026-02-06 17:42:29 - Se ha creado el recurso: libro3
[INFO]2026-02-06 17:42:29 - Se ha creado el recurso: libro4
[INFO]2026-02-06 17:44:51 - Se ha creado el recurso: Libro de prueba
[INFO]2026-02-06 17:44:51 - Se ha creado el recurso: Libro de prueba
[INFO]2026-02-06 17:44:51 - Se ha creado el recurso: Libro de prueba
[INFO]2026-02-06 17:44:51 - Se ha creado el recurso: Libro de prueba
[INFO]2026-02-06 17:44:51 - Se ha creado el recurso: Libro de prueba
[INFO]2026-02-06 17:44:51 - Se ha creado el recurso: libro2
[INFO]2026-02-06 17:44:51 - Se ha creado el recurso: libro3
[INFO]2026-02-06 17:44:51 - Se ha creado el recurso: libro4
[INFO]2026-02-06 18:00:19 - Se ha creado el recurso: Libro de prueba
[INFO]2026-02-06 18:01:49 - Se ha creado el recurso: Libro de prueba
[INFO]2026-02-06 18:02:14 - Se ha creado el recurso: Libro de prueba
[INFO]2026-02-06 18:02:14 - Se ha creado el recurso: Libro de prueba
[INFO]2026-02-06 18:02:14 - Se ha creado el recurso: Libro de prueba
[INFO]2026-02-06 18:02:14 - Se ha creado el recurso: Libro de prueba
[INFO]2026-02-06 18:02:14 - Se ha creado el recurso: Libro de prueba
[INFO]2026-02-06 18:02:14 - Se ha creado el recurso: libro2
[INFO]2026-02-06 18:02:14 - Se ha creado el recurso: libro3
[INFO]2026-02-06 18:02:14 - Se ha creado el recurso: libro4
[INFO]2026-02-06 18:02:14 - Se ha creado el recurso: Libro de prueba
[INFO]2026-02-06 18:08:35 - Se ha creado el recurso: Libro de prueba
[INFO]2026-02-06 18:08:35 - Se ha creado el recurso: Libro de prueba
[INFO]2026-02-06 18:08:35 - Se ha creado el recurso: Libro de prueba
[INFO]2026-02-06 18:08:35 - Se ha creado el recurso: Libro de prueba
[INFO]2026-02-06 18:08:35 - Se ha creado el recurso: Libro de prueba
[INFO]2026-02-06 18:08:35 - Se ha creado el recurso: libro2
[INFO]2026-02-06 18:08:35 - Se ha creado el recurso: libro3
[INFO]2026-02-06 18:08:35 - Se ha creado el recurso: libro4
[INFO]2026-02-06 18:08:35 - Se ha creado el recurso: Libro de prueba
[INFO]2026-02-06 18:08:39 - Se ha creado el recurso: Libro de prueba
[INFO]2026-02-06 18:08:39 - Se ha creado el recurso: Libro de prueba
[INFO]2026-02-06 18:08:39 - Se ha creado el recurso: Libro de prueba
[INFO]2026-02-06 18:08:39 - Se ha creado el recurso: Libro de prueba
[INFO]2026-02-06 18:08:39 - Se ha creado el recurso: Libro de prueba
[INFO]2026-02-06 18:08:39 - Se ha creado el recurso: libro2
[INFO]2026-02-06 18:08:39 - Se ha creado el recurso: libro3
[INFO]2026-02-06 18:08:39 - Se ha creado el recurso: libro4
[INFO]2026-02-06 18:08:39 - Se ha creado el recurso: Libro de prueba
[INFO]2026-02-08 12:08:48 - Se ha creado el recurso: Libro de prueba
[INFO]2026-02-08 12:08:48 - Se ha creado el recurso: Libro de prueba
[INFO]2026-02-08 12:08:48 - Se ha creado el recurso: Libro de prueba
[INFO]2026-02-08 12:08:48 - Se ha creado el recurso: Libro de prueba
[INFO]2026-02-08 12:08:49 - Se ha creado el recurso: Libro de prueba
[INFO]2026-02-08 12:08:49 - Se ha creado el recurso: libro2
[INFO]2026-02-08 12:08:49 - Se ha creado el recurso: libro3
[INFO]2026-02-08 12:08:49 - Se ha creado el recurso: libro4
[INFO]2026-02-08 12:08:49 - Se ha creado el recurso: Libro de prueba
[INFO]2026-02-08 12:21:18 - Se ha creado el recurso: libro1
[INFO]2026-02-08 12:21:18 - Se ha creado el recurso: libro2
[INFO]2026-02-08 12:21:18 - Se ha creado el recurso: libro3
[INFO]2026-02-08 12:21:18 - Se ha creado el recurso: libro4
[INFO]2026-02-08 12:21:31 - Se ha creado el recurso: Libro de prueba
[INFO]2026-02-08 12:21:31 - Se ha creado el recurso: Libro de prueba
[INFO]2026-02-08 12:21:32 - Se ha creado el recurso: Libro de prueba
[INFO]2026-02-08 12:21:32 - Se ha creado el recurso: Libro de prueba
[INFO]2026-02-08 12:21:32 - Se ha creado el recurso: Libro de prueba
[INFO]2026-02-08 12:21:32 - Se ha creado el recurso: libro2
[INFO]2026-02-08 12:21:32 - Se ha creado el recurso: libro3
[INFO]2026-02-08 12:21:32 - Se ha creado el recurso: libro4
[INFO]2026-02-08 12:21:32 - Se ha creado el recurso: Libro de prueba
[INFO]2026-02-08 12:21:36 - Se ha creado el recurso: Libro de prueba
[INFO]2026-02-08 12:21:37 - Se ha creado el recurso: Libro de prueba
[INFO]2026-02-08 12:25:26 - Se ha creado el recurso: Libro de prueba
[INFO]2026-02-08 12:25:30 - Se ha creado el recurso: Libro de prueba
[INFO]2026-02-08 12:42:25 - Se ha creado el recurso: Libro de prueba
[INFO]2026-02-08 12:42:51 - Se ha creado el recurso: Libro de prueba
[INFO]2026-02-08 12:43:39 - Se ha creado el recurso: Libro de prueba
[INFO]2026-02-08 12:44:47 - Se ha creado el recurso: Libro de prueba
[INFO]2026-02-08 12:49:39 - Se ha creado el recurso: Libro de prueba
[INFO]2026-02-08 12:49:40 - Se ha creado el recurso: Libro de prueba
[INFO]2026-02-08 12:49:40 - Se ha creado el recurso: Libro de prueba
[INFO]2026-02-08 12:49:40 - Se ha creado el recurso: Libro de prueba
[INFO]2026-02-08 12:49:40 - Se ha creado el recurso: Libro de prueba
[INFO]2026-02-08 12:49:40 - Se ha creado el recurso: libro2
[INFO]2026-02-08 12:49:40 - Se ha creado el recurso: libro3
[INFO]2026-02-08 12:49:40 - Se ha creado el recurso: libro4
[INFO]2026-02-08 12:49:40 - Se ha creado el recurso: Libro de prueba
[INFO]2026-02-08 12:49:40 - Se ha creado el recurso: Libro de prueba
[INFO]2026-02-08 13:03:55 - Se ha creado el recurso: Libro de prueba
[INFO]2026-02-08 13:06:33 - Se ha creado el recurso: Libro de prueba
[INFO]2026-02-08 13:08:46 - Se ha creado el recurso: Libro de prueba
[INFO]2026-02-08 13:09:15 - Se ha creado el recurso: Libro de prueba
[INFO]2026-02-08 13:09:25 - Se ha creado el recurso: Libro de prueba
[INFO]2026-02-08 13:09:26 - Se ha creado el recurso: Libro de prueba
[INFO]2026-02-08 13:09:26 - Se ha creado el recurso: Libro de prueba
[INFO]2026-02-08 13:09:26 - Se ha creado el recurso: Libro de prueba
[INFO]2026-02-08 13:09:26 - Se ha creado el recurso: Libro de prueba
[INFO]2026-02-08 13:09:26 - Se ha creado el recurso: libro2
[INFO]2026-02-08 13:09:26 - Se ha creado el recurso: libro3
[INFO]2026-02-08 13:09:26 - Se ha creado el recurso: libro4
[INFO]2026-02-08 13:09:26 - Se ha creado el recurso: Libro de prueba
[INFO]2026-02-08 13:09:26 - Se ha creado el recurso: Libro de prueba
[INFO]2026-02-08 13:16:15 - Se ha creado el recurso: Libro de prueba
[INFO]2026-02-08 13:16:29 - Se ha creado el recurso: Libro de prueba
[INFO]2026-02-08 13:17:16 - Se ha creado el recurso: Libro de prueba
[INFO]2026-02-08 13:18:13 - Se ha creado el recurso: Libro de prueba
[INFO]2026-02-08 13:18:22 - Se ha creado el recurso: Libro de prueba
[INFO]2026-02-08 13:18:53 - Se ha creado el recurso: Libro de prueba
[INFO]2026-02-08 13:18:56 - Se ha creado el recurso: Libro de prueba
[INFO]2026-02-08 13:18:57 - Se ha creado el recurso: Libro de prueba
[INFO]2026-02-08 13:18:57 - Se ha creado el recurso: Libro de prueba
[INFO]2026-02-08 13:18:57 - Se ha creado el recurso: Libro de prueba
[INFO]2026-02-08 13:18:57 - Se ha creado el recurso: Libro de prueba
[INFO]2026-02-08 13:18:57 - Se ha creado el recurso: libro2
[INFO]2026-02-08 13:18:57 - Se ha creado el recurso: libro3
[INFO]2026-02-08 13:18:57 - Se ha creado el recurso: libro4
[INFO]2026-02-08 13:18:57 - Se ha creado el recurso: Libro de prueba
[INFO]2026-02-08 13:18:57 - Se ha creado el recurso: Libro de prueba
[INFO]2026-02-08 13:22:48 - Se ha creado el recurso: Libro de prueba
[INFO]2026-02-08 13:23:01 - Se ha creado el recurso: Libro de prueba
[INFO]2026-02-08 13:23:02 - Se ha creado el recurso: Libro de prueba
[INFO]2026-02-08 13:23:02 - Se ha creado el recurso: Libro de prueba
[INFO]2026-02-08 13:23:02 - Se ha creado el recurso: Libro de prueba
[INFO]2026-02-08 13:23:02 - Se ha creado el recurso: Libro de prueba
[INFO]2026-02-08 13:23:02 - Se ha creado el recurso: libro2
[INFO]2026-02-08 13:23:02 - Se ha creado el recurso: libro3
[INFO]2026-02-08 13:23:02 - Se ha creado el recurso: libro4
[INFO]2026-02-08 13:23:02 - Se ha creado el recurso: Libro de prueba
[INFO]2026-02-08 13:23:02 - Se ha creado el recurso: Libro de prueba
[INFO]2026-02-08 13:23:43 - Se ha creado el recurso: Libro de prueba
[INFO]2026-02-08 13:23:47 - Se ha creado el recurso: Libro de prueba
[INFO]2026-02-08 13:23:47 - Se ha creado el recurso: Libro de prueba
[INFO]2026-02-08 13:23:47 - Se ha creado el recurso: Libro de prueba
[INFO]2026-02-08 13:23:47 - Se ha creado el recurso: Libro de prueba
[INFO]2026-02-08 13:23:47 - Se ha creado el recurso: Libro de prueba
[INFO]2026-02-08 13:23:47 - Se ha creado el recurso: libro2
[INFO]2026-02-08 13:23:47 - Se ha creado el recurso: libro3
[INFO]2026-02-08 13:23:47 - Se ha creado el recurso: libro4
[INFO]2026-02-08 13:23:47 - Se ha creado el recurso: Libro de prueba
[INFO]2026-02-08 13:23:47 - Se ha creado el recurso: Libro de prueba
[INFO]2026-02-08 13:25:08 - Se ha creado el recurso: Libro de prueba
[INFO]2026-02-08 13:25:16 - Se ha creado el recurso: Libro de prueba
[INFO]2026-02-08 13:25:34 - Se ha creado el recurso: Libro de prueba
[INFO]2026-02-08 13:25:40 - Se ha creado el recurso: Libro de prueba
[INFO]2026-02-08 13:25:40 - Se ha creado el recurso: Libro de prueba
[INFO]2026-02-08 13:25:40 - Se ha creado el recurso: Libro de prueba
[INFO]2026-02-08 13:25:40 - Se ha creado el recurso: Libro de prueba
[INFO]2026-02-08 13:25:40 - Se ha creado el recurso: Libro de prueba
[INFO]2026-02-08 13:25:40 - Se ha creado el recurso: libro2
[INFO]2026-02-08 13:25:40 - Se ha creado el recurso: libro3
[INFO]2026-02-08 13:25:40 - Se ha creado el recurso: libro4
[INFO]2026-02-08 13:25:40 - Se ha creado el recurso: Libro de prueba
[INFO]2026-02-08 13:25:40 - Se ha creado el recurso: Libro de prueba
[INFO]2026-02-08 13:25:40 - Se ha creado el recurso: Libro de prueba
[INFO]2026-02-08 13:28:29 - Se ha creado el recurso: Libro de prueba
[INFO]2026-02-08 18:27:34 - Se ha creado el recurso: Libro de prueba
[INFO]2026-02-08 18:27:34 - Se ha creado el recurso: Libro de prueba
[INFO]2026-02-08 18:27:35 - Se ha creado el recurso: Libro de prueba
[INFO]2026-02-08 18:27:35 - Se ha creado el recurso: Libro de prueba
[INFO]2026-02-08 18:27:35 - Se ha creado el recurso: Libro de prueba
[INFO]2026-02-08 18:27:35 - Se ha creado el recurso: Libro de prueba
[INFO]2026-02-08 18:27:35 - Se ha creado el recurso: Libro de prueba
[INFO]2026-02-08 18:27:35 - Se ha creado el recurso: Libro de prueba
[INFO]2026-02-08 18:27:35 - Se ha creado el recurso: libro2
[INFO]2026-02-08 18:27:35 - Se ha creado el recurso: libro2
[INFO]2026-02-08 18:27:35 - Se ha creado el recurso: libro3
[INFO]2026-02-08 18:27:35 - Se ha creado el recurso: libro4
[INFO]2026-02-08 18:27:35 - Se ha creado el recurso: Libro de prueba
[INFO]2026-02-08 18:27:35 - Se ha creado el recurso: Libro de prueba
[INFO]2026-02-08 18:27:35 - Se ha creado el recurso: Libro de prueba
[INFO]2026-02-08 18:27:35 - Se ha creado el recurso: Libro de prueba
[INFO]2026-02-08 18:27:35 - Se ha creado el recurso: Libro de prueba
[INFO]2026-02-08 18:27:35 - Se ha creado el recurso: Libro de prueba
[INFO]2026-02-08 18:27:37 - Se ha creado el recurso: Libro de prueba
[INFO]2026-02-08 18:27:39 - Se ha creado el recurso: Libro de prueba
[INFO]2026-02-08 18:27:39 - Se ha creado el recurso: Libro de prueba
[INFO]2026-02-08 18:27:39 - Se ha creado el recurso: Libro de prueba
[INFO]2026-02-08 18:27:39 - Se ha creado el recurso: Libro de prueba
[INFO]2026-02-08 18:27:39 - Se ha creado el recurso: libro2
[INFO]2026-02-08 18:27:39 - Se ha creado el recurso: libro3
[INFO]2026-02-08 18:27:39 - Se ha creado el recurso: libro4
[INFO]2026-02-08 18:27:39 - Se ha creado el recurso: Libro de prueba
[INFO]2026-02-08 18:27:39 - Se ha creado el recurso: Libro de prueba
[INFO]2026-02-08 18:27:39 - Se ha creado el recurso: Libro de prueba
[INFO]2026-02-09 16:25:37 - Se ha creado el recurso: libro1
[INFO]2026-02-09 16:25:38 - Se ha creado el recurso: libro2
[INFO]2026-02-09 16:25:38 - Se ha creado el recurso: libro3
[INFO]2026-02-09 16:25:38 - Se ha creado el recurso: libro4
[INFO]2026-02-09 16:52:28 - Se ha creado el recurso: Libro de prueba
[INFO]2026-02-09 16:52:28 - Se ha creado el recurso: Libro de prueba
[INFO]2026-02-09 16:52:28 - Se ha creado el recurso: Libro de prueba
[INFO]2026-02-09 16:52:28 - Se ha creado el recurso: Libro de prueba
[INFO]2026-02-09 16:52:29 - Se ha creado el recurso: Libro de prueba
[INFO]2026-02-09 16:52:29 - Se ha creado el recurso: libro2
[INFO]2026-02-09 16:52:29 - Se ha creado el recurso: libro3
[INFO]2026-02-09 16:52:29 - Se ha creado el recurso: libro4
[INFO]2026-02-09 16:52:29 - Se ha creado el recurso: Libro de prueba
[INFO]2026-02-09 16:52:29 - Se ha creado el recurso: Libro de prueba
[INFO]2026-02-09 16:52:29 - Se ha creado el recurso: Libro de prueba
[INFO]2026-02-09 17:01:47 - Se ha creado el recurso: Libro de prueba
[INFO]2026-02-09 17:01:47 - Se ha creado el recurso: Libro de prueba
[INFO]2026-02-09 17:01:47 - Se ha creado el recurso: Libro de prueba
[INFO]2026-02-09 17:01:47 - Se ha creado el recurso: Libro de prueba
[INFO]2026-02-09 17:01:48 - Se ha creado el recurso: Libro de prueba
[INFO]2026-02-09 17:01:48 - Se ha creado el recurso: libro2
[INFO]2026-02-09 17:01:48 - Se ha creado el recurso: libro3
[INFO]2026-02-09 17:01:48 - Se ha creado el recurso: libro4
[INFO]2026-02-09 17:01:48 - Se ha creado el recurso: Libro de prueba
[INFO]2026-02-09 17:01:48 - Se ha creado el recurso: Libro de prueba
[INFO]2026-02-09 17:01:48 - Se ha creado el recurso: Libro de prueba
[INFO]2026-02-09 17:06:23 - Se ha creado el recurso: Libro de prueba
[INFO]2026-02-09 17:06:23 - Se ha creado el recurso: Libro de prueba
[INFO]2026-02-09 17:06:23 - Se ha creado el recurso: Libro de prueba
[INFO]2026-02-09 17:06:23 - Se ha creado el recurso: Libro de prueba
[INFO]2026-02-09 17:06:23 - Se ha creado el recurso: Libro de prueba
[INFO]2026-02-09 17:06:23 - Se ha creado el recurso: libro2
[INFO]2026-02-09 17:06:23 - Se ha creado el recurso: libro3
[INFO]2026-02-09 17:06:23 - Se ha creado el recurso: libro4
[INFO]2026-02-09 17:06:23 - Se ha creado el recurso: Libro de prueba
[INFO]2026-02-09 17:06:23 - Se ha creado el recurso: Libro de prueba
[INFO]2026-02-09 17:06:23 - Se ha creado el recurso: Libro de prueba
[INFO]2026-02-09 17:20:48 - Se ha creado el recurso: Libro de prueba
[INFO]2026-02-09 17:20:48 - Se ha creado el recurso: Libro de prueba
[INFO]2026-02-09 17:20:48 - Se ha creado el recurso: Libro de prueba
[INFO]2026-02-09 17:20:49 - Se ha creado el recurso: Libro de prueba
[INFO]2026-02-09 17:20:49 - Se ha creado el recurso: Libro de prueba
[INFO]2026-02-09 17:20:49 - Se ha creado el recurso: libro2
[INFO]2026-02-09 17:20:49 - Se ha creado el recurso: libro3
[INFO]2026-02-09 17:20:49 - Se ha creado el recurso: libro4
[INFO]2026-02-09 17:20:49 - Se ha creado el recurso: Libro de prueba
[INFO]2026-02-09 17:20:49 - Se ha creado el recurso: Libro de prueba
[INFO]2026-02-09 17:20:49 - Se ha creado el recurso: Libro de prueba
[INFO]2026-02-11 17:36:12 - Se ha creado el recurso: Libro de prueba
[INFO]2026-02-11 17:36:12 - Se ha creado el recurso: Video de prueba
[INFO]2026-02-11 17:36:12 - Se ha creado el recurso: Revista de prueba
[INFO]2026-02-11 17:36:18 - Se ha creado el recurso: Libro de prueba
[INFO]2026-02-11 17:36:18 - Se ha creado el recurso: Video de prueba
[INFO]2026-02-11 17:36:18 - Se ha creado el recurso: Revista de prueba
[INFO]2026-02-11 17:36:28 - Se ha creado el recurso: Libro de prueba
[INFO]2026-02-11 17:36:28 - Se ha creado el recurso: Libro de prueba
[INFO]2026-02-11 17:36:28 - Se ha creado el recurso: Libro de prueba
[INFO]2026-02-11 17:36:28 - Se ha creado el recurso: Libro de prueba
[INFO]2026-02-11 17:36:28 - Se ha creado el recurso: Libro de prueba
[INFO]2026-02-11 17:36:28 - Se ha creado el recurso: libro2
[INFO]2026-02-11 17:36:28 - Se ha creado el recurso: libro3
[INFO]2026-02-11 17:36:28 - Se ha creado el recurso: libro4
[INFO]2026-02-11 17:36:28 - Se ha creado el recurso: Libro de prueba
[INFO]2026-02-11 17:36:28 - Se ha creado el recurso: Libro de prueba
[INFO]2026-02-11 17:36:28 - Se ha creado el recurso: Libro de prueba
[INFO]2026-02-11 17:37:02 - Se ha creado el recurso: Libro de prueba
[INFO]2026-02-11 17:37:02 - Se ha creado el recurso: Video de prueba
[INFO]2026-02-11 17:37:02 - Se ha creado el recurso: Revista de prueba
[INFO]2026-02-11 17:38:07 - Se ha creado el recurso: Libro de prueba
[INFO]2026-02-11 17:38:07 - Se ha creado el recurso: Video de prueba
[INFO]2026-02-11 17:38:07 - Se ha creado el recurso: Revista de prueba
[INFO]2026-02-11 17:38:21 - Se ha creado el recurso: Libro de prueba
[INFO]2026-02-11 17:38:21 - Se ha creado el recurso: Video de prueba
[INFO]2026-02-11 17:38:21 - Se ha creado el recurso: Revista de prueba
[INFO]2026-02-13 12:08:15 - Se ha creado el recurso: Libro de prueba
[INFO]2026-02-13 12:08:15 - Se ha creado el recurso: Video de prueba
[INFO]2026-02-13 12:08:15 - Se ha creado el recurso: Revista de prueba
