[INFO]2026-01-30 20:13:02 - Libro creado: libro1, isbn b min
[INFO]2026-01-30 20:13:02 - Libro creado: libro2, isbn d min
[INFO]2026-01-30 20:13:02 - Libro creado: libro3, isbn f min
[INFO]2026-01-30 20:13:02 - Libro creado: libro4, isbn g min
[INFO]2026-01-30 20:13:36 - Libro creado: libro1, isbn b min
[INFO]2026-01-30 20:13:36 - Libro creado: libro2, isbn d min
[INFO]2026-01-30 20:13:36 - Libro creado: libro3, isbn f min
[INFO]2026-01-30 20:13:36 - Libro creado: libro4, isbn g min
[INFO]2026-01-30 20:23:58 - Libro creado: libro1, isbn b min
[INFO]2026-01-30 20:23:58 - Libro creado: libro2, isbn d min
[INFO]2026-01-30 20:23:58 - Libro creado: libro3, isbn f min
[INFO]2026-01-30 20:23:58 - Libro creado: libro4, isbn g min
[INFO]2026-01-30 20:24:45 - Libro creado: libro1, isbn b min
[INFO]2026-01-30 20:24:45 - Libro creado: libro2, isbn d min
[INFO]2026-01-30 20:24:45 - Libro creado: libro3, isbn f min
[INFO]2026-01-30 20:24:45 - Libro creado: libro4, isbn g min
[INFO]2026-01-30 20:26:07 - Libro creado: libro1, isbn b min
[INFO]2026-01-30 20:26:07 - Libro creado: libro2, isbn d min
[INFO]2026-01-30 20:26:07 - Libro creado: libro3, isbn f min
[INFO]2026-01-30 20:26:07 - Libro creado: libro4, isbn g min
[INFO]2026-01-30 20:29:27 - Libro creado: libro1, isbn b min
[INFO]2026-01-30 20:29:27 - Libro creado: libro2, isbn d min
[INFO]2026-01-30 20:29:27 - Libro creado: libro3, isbn f min
[INFO]2026-01-30 20:29:27 - Libro creado: libro4, isbn g min
[INFO]2026-01-30 20:32:39 - Libro creado: libro1, isbn b min
[INFO]2026-01-30 20:32:39 - Libro creado: libro2, isbn d min
[INFO]2026-01-30 20:32:39 - Libro creado: libro3, isbn f min
[INFO]2026-01-30 20:32:39 - Libro creado: libro4, isbn g min
[INFO]2026-02-01 15:26:54 - Libro creado: libro1, isbn b min
[INFO]2026-02-01 15:26:54 - Libro creado: libro2, isbn d min
[INFO]2026-02-01 15:26:54 - Libro creado: libro3, isbn f min
[INFO]2026-02-01 15:26:54 - Libro creado: libro4, isbn g min
[INFO]2026-02-01 17:19:58 - Libro creado: libro1, isbn b min
[INFO]2026-02-01 17:19:58 - Libro creado: libro2, isbn d min
[INFO]2026-02-01 17:19:58 - Libro creado: libro3, isbn f min
[INFO]2026-02-01 17:19:58 - Libro creado: libro4, isbn g min
[INFO]2026-02-01 17:21:37 - Libro creado: libro1, isbn b min
[INFO]2026-02-01 17:21:37 - Libro creado: libro2, isbn d min
[INFO]2026-02-01 17:21:37 - Libro creado: libro3, isbn f min
[INFO]2026-02-01 17:21:37 - Libro creado: libro4, isbn g min
[INFO]2026-02-01 17:53:41 - Libro creado: libro1, isbn b min
[INFO]2026-02-01 17:53:41 - Libro creado: libro2, isbn d min
[INFO]2026-02-01 17:53:41 - Libro creado: libro3, isbn f min
[INFO]2026-02-01 17:53:41 - Libro creado: libro4, isbn g min
[INFO]2026-02-01 17:58:12 - Libro creado: libro1, isbn b min
[INFO]2026-02-01 17:58:12 - Libro creado: libro2, isbn d min
[INFO]2026-02-01 17:58:12 - Libro creado: libro3, isbn f min
[INFO]2026-02-01 17:58:12 - Libro creado: libro4, isbn g min
[INFO]2026-02-01 17:59:12 - Libro creado: libro1, isbn b min
[INFO]2026-02-01 17:59:12 - Libro creado: libro2, isbn d min
[INFO]2026-02-01 17:59:12 - Libro creado: libro3, isbn f min
[INFO]2026-02-01 17:59:12 - Libro creado: libro4, isbn g min
[INFO]2026-02-01 18:00:30 - Libro creado: libro1, isbn b min
[INFO]2026-02-01 18:00:30 - Libro creado: libro2, isbn d min
[INFO]2026-02-01 18:00:31 - Libro creado: libro3, isbn f min
[INFO]2026-02-01 18:00:31 - Libro creado: libro4, isbn g min
[INFO]2026-02-01 18:02:05 - Libro creado: libro1, isbn b min
[INFO]2026-02-01 18:02:05 - Libro creado: libro2, isbn d min
[INFO]2026-02-01 18:02:05 - Libro creado: libro3, isbn f min
[INFO]2026-02-01 18:02:05 - Libro creado: libro4, isbn g min
[INFO]2026-02-01 18:02:45 - Libro creado: libro1, isbn b min
[INFO]2026-02-01 18:02:45 - Libro creado: libro2, isbn d min
[INFO]2026-02-01 18:02:45 - Libro creado: libro3, isbn f min
[INFO]2026-02-01 18:02:45 - Libro creado: libro4, isbn g min
[INFO]2026-02-01 18:04:27 - Libro creado: libro1, isbn b min
[INFO]2026-02-01 18:04:27 - Libro creado: libro2, isbn d min
[INFO]2026-02-01 18:04:27 - Libro creado: libro3, isbn f min
[INFO]2026-02-01 18:04:27 - Libro creado: libro4, isbn g min
[INFO]2026-02-01 18:06:10 - Libro creado: libro1, isbn b min
[INFO]2026-02-01 18:06:10 - Libro creado: libro2, isbn d min
[INFO]2026-02-01 18:06:10 - Libro creado: libro3, isbn f min
[INFO]2026-02-01 18:06:10 - Libro creado: libro4, isbn g min
[INFO]2026-02-01 18:06:21 - Libro creado: libro1, isbn b min
[INFO]2026-02-01 18:06:21 - Libro creado: libro2, isbn d min
[INFO]2026-02-01 18:06:21 - Libro creado: libro3, isbn f min
[INFO]2026-02-01 18:06:21 - Libro creado: libro4, isbn g min
[INFO]2026-02-01 18:06:55 - Libro creado: libro1, isbn b min
[INFO]2026-02-01 18:06:55 - Libro creado: libro2, isbn d min
[INFO]2026-02-01 18:06:55 - Libro creado: libro3, isbn f min
[INFO]2026-02-01 18:06:55 - Libro creado: libro4, isbn g min
[INFO]2026-02-01 18:09:23 - Libro creado: libro1, isbn b min
[INFO]2026-02-01 18:09:23 - Libro creado: libro2, isbn d min
[INFO]2026-02-01 18:09:23 - Libro creado: libro3, isbn f min
[INFO]2026-02-01 18:09:23 - Libro creado: libro4, isbn g min
[INFO]2026-02-01 18:20:10 - Libro creado: libro1, isbn b min
[INFO]2026-02-01 18:20:10 - Libro creado: libro2, isbn d min
[INFO]2026-02-01 18:20:10 - Libro creado: libro3, isbn f min
[INFO]2026-02-01 18:20:10 - Libro creado: libro4, isbn g min
[INFO]2026-02-01 18:23:13 - Libro creado: libro1, isbn b min
[INFO]2026-02-01 18:23:13 - Libro creado: libro2, isbn d min
[INFO]2026-02-01 18:23:13 - Libro creado: libro3, isbn f min
[INFO]2026-02-01 18:23:13 - Libro creado: libro4, isbn g min
[INFO]2026-02-01 18:25:43 - Libro creado: libro1, isbn b min
[INFO]2026-02-01 18:25:43 - Libro creado: libro2, isbn d min
[INFO]2026-02-01 18:25:43 - Libro creado: libro3, isbn f min
[INFO]2026-02-01 18:25:43 - Libro creado: libro4, isbn g min
[INFO]2026-02-01 18:26:36 - Libro creado: libro1, isbn b min
[INFO]2026-02-01 18:26:36 - Libro creado: libro2, isbn d min
[INFO]2026-02-01 18:26:36 - Libro creado: libro3, isbn f min
[INFO]2026-02-01 18:26:36 - Libro creado: libro4, isbn g min
[INFO]2026-02-01 18:32:31 - Libro creado: libro1, isbn b min
[INFO]2026-02-01 18:32:31 - Libro creado: libro2, isbn d min
[INFO]2026-02-01 18:32:31 - Libro creado: libro3, isbn f min
[INFO]2026-02-01 18:32:31 - Libro creado: libro4, isbn g min
[INFO]2026-02-01 18:33:09 - Libro creado: libro1, isbn b min
[INFO]2026-02-01 18:33:09 - Libro creado: libro2, isbn d min
[INFO]2026-02-01 18:33:09 - Libro creado: libro3, isbn f min
[INFO]2026-02-01 18:33:09 - Libro creado: libro4, isbn g min
[INFO]2026-02-01 18:36:48 - Libro creado: libro1, isbn b min
[INFO]2026-02-01 18:36:48 - Libro creado: libro2, isbn d min
[INFO]2026-02-01 18:36:48 - Libro creado: libro3, isbn f min
[INFO]2026-02-01 18:36:48 - Libro creado: libro4, isbn g min
[INFO]2026-02-01 18:37:10 - Libro creado: libro1, isbn b min
[INFO]2026-02-01 18:37:10 - Libro creado: libro2, isbn d min
[INFO]2026-02-01 18:37:10 - Libro creado: libro3, isbn f min
[INFO]2026-02-01 18:37:10 - Libro creado: libro4, isbn g min
[INFO]2026-02-01 18:37:49 - Libro creado: libro1, isbn b min
[INFO]2026-02-01 18:37:49 - Libro creado: libro2, isbn d min
[INFO]2026-02-01 18:37:49 - Libro creado: libro3, isbn f min
[INFO]2026-02-01 18:37:49 - Libro creado: libro4, isbn g min
[INFO]2026-02-01 18:39:05 - Libro creado: libro1, isbn b min
[INFO]2026-02-01 18:39:05 - Libro creado: libro2, isbn d min
[INFO]2026-02-01 18:39:05 - Libro creado: libro3, isbn f min
[INFO]2026-02-01 18:39:05 - Libro creado: libro4, isbn g min
[INFO]2026-02-01 18:40:26 - Libro creado: libro1, isbn b min
[INFO]2026-02-01 18:40:26 - Libro creado: libro2, isbn d min
[INFO]2026-02-01 18:40:26 - Libro creado: libro3, isbn f min
[INFO]2026-02-01 18:40:26 - Libro creado: libro4, isbn g min
[INFO]2026-02-01 18:40:53 - Libro creado: libro1, isbn b min
[INFO]2026-02-01 18:40:53 - Libro creado: libro2, isbn d min
[INFO]2026-02-01 18:40:53 - Libro creado: libro3, isbn f min
[INFO]2026-02-01 18:40:53 - Libro creado: libro4, isbn g min
[INFO]2026-02-01 18:40:53 - Libro creado: libro1, isbn b min
[INFO]2026-02-01 18:40:53 - Libro creado: libro2, isbn d min
[INFO]2026-02-01 18:40:53 - Libro creado: libro3, isbn f min
[INFO]2026-02-01 18:40:53 - Libro creado: libro4, isbn g min
[INFO]2026-02-01 18:40:54 - Libro creado: libro1, isbn b min
[INFO]2026-02-01 18:40:54 - Libro creado: libro2, isbn d min
[INFO]2026-02-01 18:40:54 - Libro creado: libro3, isbn f min
[INFO]2026-02-01 18:40:54 - Libro creado: libro4, isbn g min
[INFO]2026-02-01 18:40:54 - Libro creado: libro1, isbn b min
[INFO]2026-02-01 18:40:54 - Libro creado: libro2, isbn d min
[INFO]2026-02-01 18:40:54 - Libro creado: libro3, isbn f min
[INFO]2026-02-01 18:40:54 - Libro creado: libro4, isbn g min
[INFO]2026-02-01 18:40:54 - Libro creado: libro1, isbn b min
[INFO]2026-02-01 18:40:54 - Libro creado: libro2, isbn d min
[INFO]2026-02-01 18:40:54 - Libro creado: libro3, isbn f min
[INFO]2026-02-01 18:40:54 - Libro creado: libro4, isbn g min
[INFO]2026-02-01 18:40:54 - Libro creado: libro1, isbn b min
[INFO]2026-02-01 18:40:54 - Libro creado: libro2, isbn d min
[INFO]2026-02-01 18:40:54 - Libro creado: libro3, isbn f min
[INFO]2026-02-01 18:40:54 - Libro creado: libro4, isbn g min
[INFO]2026-02-01 18:41:09 - Libro creado: libro1, isbn b min
[INFO]2026-02-01 18:41:09 - Libro creado: libro2, isbn d min
[INFO]2026-02-01 18:41:09 - Libro creado: libro3, isbn f min
[INFO]2026-02-01 18:41:09 - Libro creado: libro4, isbn g min
[INFO]2026-02-01 18:41:24 - Libro creado: libro1, isbn b min
[INFO]2026-02-01 18:41:24 - Libro creado: libro2, isbn d min
[INFO]2026-02-01 18:41:24 - Libro creado: libro3, isbn f min
[INFO]2026-02-01 18:41:24 - Libro creado: libro4, isbn g min
[INFO]2026-02-01 18:41:38 - Libro creado: libro1, isbn b min
[INFO]2026-02-01 18:41:38 - Libro creado: libro2, isbn d min
[INFO]2026-02-01 18:41:38 - Libro creado: libro3, isbn f min
[INFO]2026-02-01 18:41:38 - Libro creado: libro4, isbn g min
[INFO]2026-02-01 18:41:48 - Libro creado: libro1, isbn b min
[INFO]2026-02-01 18:41:48 - Libro creado: libro2, isbn d min
[INFO]2026-02-01 18:41:48 - Libro creado: libro3, isbn f min
[INFO]2026-02-01 18:41:48 - Libro creado: libro4, isbn g min
[INFO]2026-02-01 18:42:34 - Libro creado: libro1, isbn b min
[INFO]2026-02-01 18:42:34 - Libro creado: libro2, isbn d min
[INFO]2026-02-01 18:42:34 - Libro creado: libro3, isbn f min
[INFO]2026-02-01 18:42:35 - Libro creado: libro4, isbn g min
[INFO]2026-02-01 18:44:09 - Libro creado: libro1, isbn b min
[INFO]2026-02-01 18:44:09 - Libro creado: libro2, isbn d min
[INFO]2026-02-01 18:44:09 - Libro creado: libro3, isbn f min
[INFO]2026-02-01 18:44:09 - Libro creado: libro4, isbn g min
[INFO]2026-02-01 18:45:29 - Libro creado: libro1, isbn b min
[INFO]2026-02-01 18:45:29 - Libro creado: libro2, isbn d min
[INFO]2026-02-01 18:45:29 - Libro creado: libro3, isbn f min
[INFO]2026-02-01 18:45:29 - Libro creado: libro4, isbn g min
[INFO]2026-02-01 18:46:23 - Libro creado: libro1, isbn b min
[INFO]2026-02-01 18:46:23 - Libro creado: libro2, isbn d min
[INFO]2026-02-01 18:46:23 - Libro creado: libro3, isbn f min
[INFO]2026-02-01 18:46:23 - Libro creado: libro4, isbn g min
[INFO]2026-02-01 18:47:20 - Libro creado: libro1, isbn b min
[INFO]2026-02-01 18:47:20 - Libro creado: libro2, isbn d min
[INFO]2026-02-01 18:47:20 - Libro creado: libro3, isbn f min
[INFO]2026-02-01 18:47:20 - Libro creado: libro4, isbn g min
[INFO]2026-02-01 18:47:38 - Libro creado: libro1, isbn b min
[INFO]2026-02-01 18:47:38 - Libro creado: libro2, isbn d min
[INFO]2026-02-01 18:47:38 - Libro creado: libro3, isbn f min
[INFO]2026-02-01 18:47:38 - Libro creado: libro4, isbn g min
[INFO]2026-02-01 18:47:57 - Libro creado: libro1, isbn b min
[INFO]2026-02-01 18:47:57 - Libro creado: libro2, isbn d min
[INFO]2026-02-01 18:47:57 - Libro creado: libro3, isbn f min
[INFO]2026-02-01 18:47:57 - Libro creado: libro4, isbn g min
[INFO]2026-02-01 18:48:17 - Libro creado: libro1, isbn b min
[INFO]2026-02-01 18:48:17 - Libro creado: libro2, isbn d min
[INFO]2026-02-01 18:48:17 - Libro creado: libro3, isbn f min
[INFO]2026-02-01 18:48:17 - Libro creado: libro4, isbn g min
[INFO]2026-02-01 18:48:35 - Libro creado: libro1, isbn b min
[INFO]2026-02-01 18:48:35 - Libro creado: libro2, isbn d min
[INFO]2026-02-01 18:48:35 - Libro creado: libro3, isbn f min
[INFO]2026-02-01 18:48:35 - Libro creado: libro4, isbn g min
[INFO]2026-02-01 18:49:58 - Libro creado: libro1, isbn b min
[INFO]2026-02-01 18:49:58 - Libro creado: libro2, isbn d min
[INFO]2026-02-01 18:49:58 - Libro creado: libro3, isbn f min
[INFO]2026-02-01 18:49:58 - Libro creado: libro4, isbn g min
[INFO]2026-02-01 18:51:38 - Libro creado: libro1, isbn b min
[INFO]2026-02-01 18:51:38 - Libro creado: libro2, isbn d min
[INFO]2026-02-01 18:51:38 - Libro creado: libro3, isbn f min
[INFO]2026-02-01 18:51:38 - Libro creado: libro4, isbn g min
[INFO]2026-02-01 18:58:32 - Libro creado: libro1, isbn b min
[INFO]2026-02-01 18:58:32 - Libro creado: libro2, isbn d min
[INFO]2026-02-01 18:58:32 - Libro creado: libro3, isbn f min
[INFO]2026-02-01 18:58:32 - Libro creado: libro4, isbn g min
[INFO]2026-02-01 19:08:31 - Libro creado: libro1, isbn b min
[INFO]2026-02-01 19:08:31 - Libro creado: libro2, isbn d min
[INFO]2026-02-01 19:08:31 - Libro creado: libro3, isbn f min
[INFO]2026-02-01 19:08:31 - Libro creado: libro4, isbn g min
[INFO]2026-02-01 19:09:06 - Libro creado: libro1, isbn b min
[INFO]2026-02-01 19:09:06 - Libro creado: libro2, isbn d min
[INFO]2026-02-01 19:09:06 - Libro creado: libro3, isbn f min
[INFO]2026-02-01 19:09:06 - Libro creado: libro4, isbn g min
[INFO]2026-02-01 19:10:59 - Libro creado: libro1, isbn b min
[INFO]2026-02-01 19:10:59 - Libro creado: libro2, isbn d min
[INFO]2026-02-01 19:10:59 - Libro creado: libro3, isbn f min
[INFO]2026-02-01 19:10:59 - Libro creado: libro4, isbn g min
[INFO]2026-02-01 19:11:16 - Libro creado: libro1, isbn b min
[INFO]2026-02-01 19:11:16 - Libro creado: libro2, isbn d min
[INFO]2026-02-01 19:11:16 - Libro creado: libro3, isbn f min
[INFO]2026-02-01 19:11:16 - Libro creado: libro4, isbn g min
[INFO]2026-02-01 19:11:17 - Libro creado: libro1, isbn b min
[INFO]2026-02-01 19:11:18 - Libro creado: libro2, isbn d min
[INFO]2026-02-01 19:11:18 - Libro creado: libro3, isbn f min
[INFO]2026-02-01 19:11:18 - Libro creado: libro4, isbn g min
[INFO]2026-02-01 19:11:18 - Libro creado: libro1, isbn b min
[INFO]2026-02-01 19:11:18 - Libro creado: libro2, isbn d min
[INFO]2026-02-01 19:11:18 - Libro creado: libro3, isbn f min
[INFO]2026-02-01 19:11:18 - Libro creado: libro4, isbn g min
[INFO]2026-02-01 19:11:19 - Libro creado: libro1, isbn b min
[INFO]2026-02-01 19:11:19 - Libro creado: libro2, isbn d min
[INFO]2026-02-01 19:11:19 - Libro creado: libro3, isbn f min
[INFO]2026-02-01 19:11:19 - Libro creado: libro4, isbn g min
[INFO]2026-02-01 19:15:07 - Libro creado: libro1, isbn b min
[INFO]2026-02-01 19:15:07 - Libro creado: libro2, isbn d min
[INFO]2026-02-01 19:15:07 - Libro creado: libro3, isbn f min
[INFO]2026-02-01 19:15:07 - Libro creado: libro4, isbn g min
[INFO]2026-02-01 19:16:13 - Libro creado: libro1, isbn b min
[INFO]2026-02-01 19:16:13 - Libro creado: libro2, isbn d min
[INFO]2026-02-01 19:16:13 - Libro creado: libro3, isbn f min
[INFO]2026-02-01 19:16:13 - Libro creado: libro4, isbn g min
[INFO]2026-02-01 19:17:03 - Libro creado: libro1, isbn b min
[INFO]2026-02-01 19:17:03 - Libro creado: libro2, isbn d min
[INFO]2026-02-01 19:17:03 - Libro creado: libro3, isbn f min
[INFO]2026-02-01 19:17:03 - Libro creado: libro4, isbn g min
[INFO]2026-02-01 19:23:22 - Libro creado: libro1, isbn b min
[INFO]2026-02-01 19:23:22 - Libro creado: libro2, isbn d min
[INFO]2026-02-01 19:23:22 - Libro creado: libro3, isbn f min
[INFO]2026-02-01 19:23:22 - Libro creado: libro4, isbn g min
[INFO]2026-02-01 19:23:58 - Libro creado: libro1, isbn b min
[INFO]2026-02-01 19:23:58 - Libro creado: libro2, isbn d min
[INFO]2026-02-01 19:23:59 - Libro creado: libro3, isbn f min
[INFO]2026-02-01 19:23:59 - Libro creado: libro4, isbn g min
[INFO]2026-02-01 19:24:16 - Libro creado: libro1, isbn b min
[INFO]2026-02-01 19:24:16 - Libro creado: libro2, isbn d min
[INFO]2026-02-01 19:24:16 - Libro creado: libro3, isbn f min
[INFO]2026-02-01 19:24:16 - Libro creado: libro4, isbn g min
[INFO]2026-02-01 19:24:31 - Libro creado: libro1, isbn b min
[INFO]2026-02-01 19:24:31 - Libro creado: libro2, isbn d min
[INFO]2026-02-01 19:24:31 - Libro creado: libro3, isbn f min
[INFO]2026-02-01 19:24:31 - Libro creado: libro4, isbn g min
[INFO]2026-02-01 19:25:49 - Libro creado: libro1, isbn b min
[INFO]2026-02-01 19:25:49 - Libro creado: libro2, isbn d min
[INFO]2026-02-01 19:25:49 - Libro creado: libro3, isbn f min
[INFO]2026-02-01 19:25:49 - Libro creado: libro4, isbn g min
[INFO]2026-02-01 19:27:22 - Libro creado: libro1, isbn b min
[INFO]2026-02-01 19:27:22 - Libro creado: libro2, isbn d min
[INFO]2026-02-01 19:27:22 - Libro creado: libro3, isbn f min
[INFO]2026-02-01 19:27:22 - Libro creado: libro4, isbn g min
[INFO]2026-02-02 11:25:11 - Libro creado: libro1, isbn b min
[INFO]2026-02-02 11:25:11 - Libro creado: libro2, isbn d min
[INFO]2026-02-02 11:25:11 - Libro creado: libro3, isbn f min
[INFO]2026-02-02 11:25:11 - Libro creado: libro4, isbn g min
[INFO]2026-02-02 16:09:40 - Libro creado: libro1, isbn b min
[INFO]2026-02-02 16:09:40 - Libro creado: libro2, isbn d min
[INFO]2026-02-02 16:09:40 - Libro creado: libro3, isbn f min
[INFO]2026-02-02 16:09:41 - Libro creado: libro4, isbn g min
[INFO]2026-02-02 17:04:32 - Libro creado: libro1, isbn b min
[INFO]2026-02-02 17:04:33 - Libro creado: libro2, isbn d min
[INFO]2026-02-02 17:04:33 - Libro creado: libro3, isbn f min
[INFO]2026-02-02 17:04:33 - Libro creado: libro4, isbn g min
[INFO]2026-02-02 17:04:42 - Libro creado: libro1, isbn b min
[INFO]2026-02-02 17:04:42 - Libro creado: libro2, isbn d min
[INFO]2026-02-02 17:04:42 - Libro creado: libro3, isbn f min
[INFO]2026-02-02 17:04:42 - Libro creado: libro4, isbn g min
[INFO]2026-02-02 17:28:02 - Libro creado: libro1, isbn b min
[INFO]2026-02-02 17:28:02 - Libro creado: libro2, isbn d min
[INFO]2026-02-02 17:28:02 - Libro creado: libro3, isbn f min
[INFO]2026-02-02 17:28:02 - Libro creado: libro4, isbn g min
[INFO]2026-02-02 17:28:48 - Libro creado: libro1, isbn b min
[INFO]2026-02-02 17:28:48 - Libro creado: libro2, isbn d min
[INFO]2026-02-02 17:28:48 - Libro creado: libro3, isbn f min
[INFO]2026-02-02 17:28:48 - Libro creado: libro4, isbn g min
[INFO]2026-02-02 17:28:59 - Libro creado: libro1, isbn b min
[INFO]2026-02-02 17:28:59 - Libro creado: libro2, isbn d min
[INFO]2026-02-02 17:28:59 - Libro creado: libro3, isbn f min
[INFO]2026-02-02 17:28:59 - Libro creado: libro4, isbn g min
[INFO]2026-02-04 16:59:26 - Libro creado: Libro de prueba, isbn Autor de prueba min
[INFO]2026-02-04 16:59:26 - Libro creado: Libro de prueba, isbn Autor de prueba min
[INFO]2026-02-04 17:00:18 - Libro creado: Libro de prueba, isbn Autor de prueba min
[INFO]2026-02-04 17:00:18 - Libro creado: Libro de prueba, isbn Autor de prueba min
[INFO]2026-02-04 17:03:52 - Libro creado: Libro de prueba, isbn Autor de prueba min
[INFO]2026-02-04 17:03:52 - Libro creado: Libro de prueba, isbn Autor de prueba min
[INFO]2026-02-04 17:05:47 - Libro creado: Libro de prueba, isbn Autor de prueba min
[INFO]2026-02-04 17:05:47 - Libro creado: Libro de prueba, isbn Autor de prueba min
[INFO]2026-02-04 17:05:53 - Libro creado: Libro de prueba, isbn Autor de prueba min
[INFO]2026-02-04 17:05:53 - Libro creado: Libro de prueba, isbn Autor de prueba min
[INFO]2026-02-04 17:14:10 - Libro creado: Libro de prueba, isbn Autor de prueba min
[INFO]2026-02-04 17:14:12 - Libro creado: Libro de prueba, isbn Autor de prueba min
[INFO]2026-02-06 12:04:03 - Libro creado: libro1, isbn b min
[INFO]2026-02-06 12:04:03 - Libro creado: libro2, isbn d min
[INFO]2026-02-06 12:04:03 - Libro creado: libro3, isbn f min
[INFO]2026-02-06 12:04:03 - Libro creado: libro4, isbn g min
[INFO]2026-02-06 12:04:47 - Libro creado: Libro de prueba, isbn Autor de prueba min
[INFO]2026-02-06 12:04:47 - Libro creado: Libro de prueba, isbn Autor de prueba min
[INFO]2026-02-06 16:07:08 - Libro creado: libro1, isbn b min
[INFO]2026-02-06 16:07:08 - Libro creado: libro2, isbn d min
[INFO]2026-02-06 16:07:09 - Libro creado: libro3, isbn f min
[INFO]2026-02-06 16:07:09 - Libro creado: libro4, isbn g min
[INFO]2026-02-06 16:18:43 - Libro creado: Libro de prueba, isbn Autor de prueba min
[INFO]2026-02-06 16:18:43 - Libro creado: Libro de prueba, isbn Autor de prueba min
[INFO]2026-02-06 16:18:43 - Libro creado: Libro de prueba, isbn Autor de prueba min
[INFO]2026-02-06 16:26:25 - Libro creado: Libro de prueba, isbn Autor de prueba min
[INFO]2026-02-06 16:26:25 - Libro creado: Libro de prueba, isbn Autor de prueba min
[INFO]2026-02-06 16:26:25 - Libro creado: Libro de prueba, isbn Autor de prueba min
[INFO]2026-02-06 16:26:36 - Libro creado: Libro de prueba, isbn Autor de prueba min
[INFO]2026-02-06 16:26:36 - Libro creado: Libro de prueba, isbn Autor de prueba min
[INFO]2026-02-06 16:26:36 - Libro creado: Libro de prueba, isbn Autor de prueba min
[INFO]2026-02-06 16:26:59 - Libro creado: Libro de prueba, isbn Autor de prueba min
[INFO]2026-02-06 16:27:04 - Libro creado: Libro de prueba, isbn Autor de prueba min
[INFO]2026-02-06 16:29:13 - Libro creado: Libro de prueba, isbn Autor de prueba min
[INFO]2026-02-06 16:29:13 - Libro creado: Libro de prueba, isbn Autor de prueba min
[INFO]2026-02-06 16:29:13 - Libro creado: Libro de prueba, isbn Autor de prueba min
[INFO]2026-02-06 16:29:32 - Libro creado: Libro de prueba, isbn Autor de prueba min
[INFO]2026-02-06 16:29:35 - Libro creado: Libro de prueba, isbn Autor de prueba min
[INFO]2026-02-06 16:29:35 - Libro creado: Libro de prueba, isbn Autor de prueba min
[INFO]2026-02-06 16:29:35 - Libro creado: Libro de prueba, isbn Autor de prueba min
[INFO]2026-02-06 16:30:29 - Libro creado: Libro de prueba, isbn Autor de prueba min
[INFO]2026-02-06 16:31:18 - Libro creado: Libro de prueba, isbn Autor de prueba min
[INFO]2026-02-06 16:31:18 - Libro creado: Libro de prueba, isbn Autor de prueba min
[INFO]2026-02-06 16:31:19 - Libro creado: Libro de prueba, isbn Autor de prueba min
[INFO]2026-02-06 16:31:21 - Libro creado: Libro de prueba, isbn Autor de prueba min
[INFO]2026-02-06 16:31:24 - Libro creado: Libro de prueba, isbn Autor de prueba min
[INFO]2026-02-06 16:31:24 - Libro creado: Libro de prueba, isbn Autor de prueba min
[INFO]2026-02-06 16:31:24 - Libro creado: Libro de prueba, isbn Autor de prueba min
[INFO]2026-02-06 16:32:57 - Libro creado: Libro de prueba, isbn Autor de prueba min
[INFO]2026-02-06 16:32:57 - Libro creado: Libro de prueba, isbn Autor de prueba min
[INFO]2026-02-06 16:32:58 - Libro creado: Libro de prueba, isbn Autor de prueba min
[INFO]2026-02-06 16:35:30 - Libro creado: Libro de prueba, isbn Autor de prueba min
[INFO]2026-02-06 16:35:51 - Libro creado: Libro de prueba, isbn Autor de prueba min
[INFO]2026-02-06 16:35:51 - Libro creado: Libro de prueba, isbn Autor de prueba min
[INFO]2026-02-06 16:35:51 - Libro creado: Libro de prueba, isbn Autor de prueba min
[INFO]2026-02-06 16:37:10 - Libro creado: Libro de prueba, isbn Autor de prueba min
[INFO]2026-02-06 16:37:20 - Libro creado: Libro de prueba, isbn Autor de prueba min
[INFO]2026-02-06 16:37:21 - Libro creado: Libro de prueba, isbn Autor de prueba min
[INFO]2026-02-06 16:37:29 - Libro creado: Libro de prueba, isbn Autor de prueba min
[INFO]2026-02-06 16:37:29 - Libro creado: Libro de prueba, isbn Autor de prueba min
[INFO]2026-02-06 16:37:29 - Libro creado: Libro de prueba, isbn Autor de prueba min
[INFO]2026-02-06 16:38:11 - Libro creado: Libro de prueba, isbn Autor de prueba min
[INFO]2026-02-06 16:38:11 - Libro creado: Libro de prueba dos, isbn Autor de prueba 2 min
[INFO]2026-02-06 16:38:23 - Libro creado: Libro de prueba, isbn Autor de prueba min
[INFO]2026-02-06 16:38:23 - Libro creado: Libro de prueba dos, isbn Autor de prueba 2 min
[INFO]2026-02-06 16:38:27 - Libro creado: Libro de prueba, isbn Autor de prueba min
[INFO]2026-02-06 16:38:27 - Libro creado: Libro de prueba dos, isbn Autor de prueba 2 min
[INFO]2026-02-06 16:38:28 - Libro creado: Libro de prueba, isbn Autor de prueba min
[INFO]2026-02-06 16:38:28 - Libro creado: Libro de prueba dos, isbn Autor de prueba 2 min
[INFO]2026-02-06 16:38:28 - Libro creado: Libro de prueba, isbn Autor de prueba min
[INFO]2026-02-06 16:38:28 - Libro creado: Libro de prueba dos, isbn Autor de prueba 2 min
[INFO]2026-02-06 16:38:28 - Libro creado: Libro de prueba, isbn Autor de prueba min
[INFO]2026-02-06 16:38:28 - Libro creado: Libro de prueba dos, isbn Autor de prueba 2 min
[INFO]2026-02-06 16:38:46 - Libro creado: Libro de prueba, isbn Autor de prueba min
[INFO]2026-02-06 16:38:51 - Libro creado: Libro de prueba, isbn Autor de prueba min
[INFO]2026-02-06 16:38:52 - Libro creado: Libro de prueba, isbn Autor de prueba min
[INFO]2026-02-06 16:38:52 - Libro creado: Libro de prueba, isbn Autor de prueba min
[INFO]2026-02-06 16:38:52 - Libro creado: Libro de prueba, isbn Autor de prueba min
[INFO]2026-02-06 16:39:07 - Libro creado: Libro de prueba, isbn Autor de prueba min
[INFO]2026-02-06 16:49:16 - Libro creado: Libro de prueba, isbn Autor de prueba min
[INFO]2026-02-06 16:52:12 - Libro creado: Libro de prueba, isbn Autor de prueba min
[INFO]2026-02-06 16:52:39 - Libro creado: Libro de prueba, isbn Autor de prueba min
[INFO]2026-02-06 16:52:39 - Libro creado: Libro de prueba, isbn Autor de prueba min
[INFO]2026-02-06 16:52:39 - Libro creado: Libro de prueba, isbn Autor de prueba min
[INFO]2026-02-06 16:52:39 - Libro creado: Libro de prueba, isbn Autor de prueba min
[INFO]2026-02-06 16:52:42 - Libro creado: Libro de prueba, isbn Autor de prueba min
[INFO]2026-02-06 16:52:46 - Libro creado: Libro de prueba, isbn Autor de prueba min
[INFO]2026-02-06 16:53:11 - Libro creado: Libro de prueba, isbn Autor de prueba min
[INFO]2026-02-06 16:53:14 - Libro creado: Libro de prueba, isbn Autor de prueba min
[INFO]2026-02-06 16:53:14 - Libro creado: Libro de prueba, isbn Autor de prueba min
[INFO]2026-02-06 16:53:14 - Libro creado: Libro de prueba, isbn Autor de prueba min
[INFO]2026-02-06 16:53:14 - Libro creado: Libro de prueba, isbn Autor de prueba min
[INFO]2026-02-06 16:57:16 - Libro creado: Libro de prueba, isbn Autor de prueba min
[INFO]2026-02-06 16:57:16 - Libro creado: Libro de prueba, isbn Autor de prueba min
[INFO]2026-02-06 16:57:58 - Libro creado: Libro de prueba, isbn Autor de prueba min
[INFO]2026-02-06 16:57:58 - Libro creado: Libro de prueba, isbn Autor de prueba min
[INFO]2026-02-06 16:58:31 - Libro creado: Libro de prueba, isbn Autor de prueba min
[INFO]2026-02-06 16:58:45 - Libro creado: Libro de prueba, isbn Autor de prueba min
[INFO]2026-02-06 16:59:35 - Libro creado: Libro de prueba, isbn Autor de prueba min
[INFO]2026-02-06 17:01:08 - Libro creado: Libro de prueba, isbn Autor de prueba min
[INFO]2026-02-06 17:02:07 - Libro creado: Libro de prueba, isbn Autor de prueba min
[INFO]2026-02-06 17:02:33 - Libro creado: Libro de prueba, isbn Autor de prueba min
[INFO]2026-02-06 17:02:40 - Libro creado: Libro de prueba, isbn Autor de prueba min
[INFO]2026-02-06 17:03:01 - Libro creado: Libro de prueba, isbn Autor de prueba min
[INFO]2026-02-06 17:03:56 - Libro creado: Libro de prueba, isbn Autor de prueba min
[INFO]2026-02-06 17:03:56 - Libro creado: Libro de prueba, isbn Autor de prueba min
[INFO]2026-02-06 17:03:56 - Libro creado: Libro de prueba, isbn Autor de prueba min
[INFO]2026-02-06 17:03:56 - Libro creado: Libro de prueba, isbn Autor de prueba min
[INFO]2026-02-06 17:04:04 - Libro creado: Libro de prueba, isbn Autor de prueba min
[INFO]2026-02-06 17:06:26 - Libro creado: Libro de prueba, isbn Autor de prueba min
[INFO]2026-02-06 17:06:29 - Libro creado: Libro de prueba, isbn Autor de prueba min
[INFO]2026-02-06 17:06:29 - Libro creado: Libro de prueba, isbn Autor de prueba min
[INFO]2026-02-06 17:06:29 - Libro creado: Libro de prueba, isbn Autor de prueba min
[INFO]2026-02-06 17:06:29 - Libro creado: Libro de prueba, isbn Autor de prueba min
[INFO]2026-02-06 17:06:33 - Libro creado: Libro de prueba, isbn Autor de prueba min
[INFO]2026-02-06 17:06:33 - Libro creado: Libro de prueba, isbn Autor de prueba min
[INFO]2026-02-06 17:06:33 - Libro creado: Libro de prueba, isbn Autor de prueba min
[INFO]2026-02-06 17:06:34 - Libro creado: Libro de prueba, isbn Autor de prueba min
[INFO]2026-02-06 17:13:10 - Libro creado: Libro de prueba, isbn Autor de prueba min
[INFO]2026-02-06 17:13:10 - Libro creado: libro2, isbn juan@example2.com min
[INFO]2026-02-06 17:13:10 - Libro creado: libro3, isbn juan@example3.com min
[INFO]2026-02-06 17:13:10 - Libro creado: libro4, isbn juan@example4.com min
[INFO]2026-02-06 17:13:59 - Libro creado: Libro de prueba, isbn Autor de prueba min
[INFO]2026-02-06 17:13:59 - Libro creado: libro2, isbn juan@example2.com min
[INFO]2026-02-06 17:13:59 - Libro creado: libro3, isbn juan@example3.com min
[INFO]2026-02-06 17:13:59 - Libro creado: libro4, isbn juan@example4.com min
[INFO]2026-02-06 17:15:46 - Libro creado: Libro de prueba, isbn Autor de prueba min
[INFO]2026-02-06 17:15:46 - Libro creado: libro2, isbn juan@example2.com min
[INFO]2026-02-06 17:15:46 - Libro creado: libro3, isbn juan@example3.com min
[INFO]2026-02-06 17:15:46 - Libro creado: libro4, isbn juan@example4.com min
[INFO]2026-02-06 17:16:54 - Libro creado: Libro de prueba, isbn Autor de prueba min
[INFO]2026-02-06 17:16:54 - Libro creado: libro2, isbn juan@example2.com min
[INFO]2026-02-06 17:17:06 - Libro creado: Libro de prueba, isbn Autor de prueba min
[INFO]2026-02-06 17:17:07 - Libro creado: Libro de prueba, isbn Autor de prueba min
[INFO]2026-02-06 17:17:07 - Libro creado: Libro de prueba, isbn Autor de prueba min
[INFO]2026-02-06 17:17:07 - Libro creado: Libro de prueba, isbn Autor de prueba min
[INFO]2026-02-06 17:17:07 - Libro creado: Libro de prueba, isbn Autor de prueba min
[INFO]2026-02-06 17:17:07 - Libro creado: libro2, isbn juan@example2.com min
[INFO]2026-02-06 17:19:06 - Libro creado: Libro de prueba, isbn Autor de prueba min
[INFO]2026-02-06 17:19:06 - Libro creado: Libro de prueba, isbn Autor de prueba min
[INFO]2026-02-06 17:19:06 - Libro creado: Libro de prueba, isbn Autor de prueba min
[INFO]2026-02-06 17:19:06 - Libro creado: Libro de prueba, isbn Autor de prueba min
[INFO]2026-02-06 17:19:06 - Libro creado: Libro de prueba, isbn Autor de prueba min
[INFO]2026-02-06 17:19:06 - Libro creado: libro2, isbn juan@example2.com min
[INFO]2026-02-06 17:19:27 - Libro creado: Libro de prueba, isbn Autor de prueba min
[INFO]2026-02-06 17:19:27 - Libro creado: Libro de prueba, isbn Autor de prueba min
[INFO]2026-02-06 17:19:27 - Libro creado: Libro de prueba, isbn Autor de prueba min
[INFO]2026-02-06 17:19:27 - Libro creado: Libro de prueba, isbn Autor de prueba min
[INFO]2026-02-06 17:19:27 - Libro creado: Libro de prueba, isbn Autor de prueba min
[INFO]2026-02-06 17:19:27 - Libro creado: libro2, isbn juan@example2.com min
[INFO]2026-02-06 17:25:12 - Libro creado: Libro de prueba, isbn Autor de prueba min
[INFO]2026-02-06 17:26:14 - Libro creado: Libro de prueba, isbn Autor de prueba min
[INFO]2026-02-06 17:28:13 - Libro creado: Libro de prueba, isbn Autor de prueba min
[INFO]2026-02-06 17:28:13 - Libro creado: libro2, isbn juan@example2.com min
[INFO]2026-02-06 17:29:07 - Libro creado: Libro de prueba, isbn Autor de prueba min
[INFO]2026-02-06 17:29:07 - Libro creado: libro2, isbn juan@example2.com min
[INFO]2026-02-06 17:33:58 - Libro creado: Libro de prueba, isbn Autor de prueba min
[INFO]2026-02-06 17:33:58 - Libro creado: libro2, isbn juan@example2.com min
[INFO]2026-02-06 17:42:29 - Libro creado: Libro de prueba, isbn Autor de prueba min
[INFO]2026-02-06 17:42:29 - Libro creado: Libro de prueba, isbn Autor de prueba min
[INFO]2026-02-06 17:42:29 - Libro creado: Libro de prueba, isbn Autor de prueba min
[INFO]2026-02-06 17:42:29 - Libro creado: Libro de prueba, isbn Autor de prueba min
[INFO]2026-02-06 17:42:29 - Libro creado: Libro de prueba, isbn Autor de prueba min
[INFO]2026-02-06 17:42:29 - Libro creado: libro2, isbn juan@example2.com min
[INFO]2026-02-06 17:44:51 - Libro creado: Libro de prueba, isbn Autor de prueba min
[INFO]2026-02-06 17:44:51 - Libro creado: Libro de prueba, isbn Autor de prueba min
[INFO]2026-02-06 17:44:51 - Libro creado: Libro de prueba, isbn Autor de prueba min
[INFO]2026-02-06 17:44:51 - Libro creado: Libro de prueba, isbn Autor de prueba min
[INFO]2026-02-06 17:44:51 - Libro creado: Libro de prueba, isbn Autor de prueba min
[INFO]2026-02-06 17:44:51 - Libro creado: libro2, isbn juan@example2.com min
[INFO]2026-02-06 18:00:19 - Libro creado: Libro de prueba, isbn Autor de prueba min
[INFO]2026-02-06 18:01:49 - Libro creado: Libro de prueba, isbn Autor de prueba min
[INFO]2026-02-06 18:02:14 - Libro creado: Libro de prueba, isbn Autor de prueba min
[INFO]2026-02-06 18:02:14 - Libro creado: Libro de prueba, isbn Autor de prueba min
[INFO]2026-02-06 18:02:14 - Libro creado: Libro de prueba, isbn Autor de prueba min
[INFO]2026-02-06 18:02:14 - Libro creado: Libro de prueba, isbn Autor de prueba min
[INFO]2026-02-06 18:02:14 - Libro creado: Libro de prueba, isbn Autor de prueba min
[INFO]2026-02-06 18:02:14 - Libro creado: libro2, isbn juan@example2.com min
[INFO]2026-02-06 18:02:14 - Libro creado: Libro de prueba, isbn Autor de prueba min
[INFO]2026-02-06 18:08:35 - Libro creado: Libro de prueba, isbn Autor de prueba min
[INFO]2026-02-06 18:08:35 - Libro creado: Libro de prueba, isbn Autor de prueba min
[INFO]2026-02-06 18:08:35 - Libro creado: Libro de prueba, isbn Autor de prueba min
[INFO]2026-02-06 18:08:35 - Libro creado: Libro de prueba, isbn Autor de prueba min
[INFO]2026-02-06 18:08:35 - Libro creado: Libro de prueba, isbn Autor de prueba min
[INFO]2026-02-06 18:08:35 - Libro creado: libro2, isbn juan@example2.com min
[INFO]2026-02-06 18:08:35 - Libro creado: Libro de prueba, isbn Autor de prueba min
[INFO]2026-02-06 18:08:39 - Libro creado: Libro de prueba, isbn Autor de prueba min
[INFO]2026-02-06 18:08:39 - Libro creado: Libro de prueba, isbn Autor de prueba min
[INFO]2026-02-06 18:08:39 - Libro creado: Libro de prueba, isbn Autor de prueba min
[INFO]2026-02-06 18:08:39 - Libro creado: Libro de prueba, isbn Autor de prueba min
[INFO]2026-02-06 18:08:39 - Libro creado: Libro de prueba, isbn Autor de prueba min
[INFO]2026-02-06 18:08:39 - Libro creado: libro2, isbn juan@example2.com min
[INFO]2026-02-06 18:08:39 - Libro creado: Libro de prueba, isbn Autor de prueba min
[INFO]2026-02-08 12:08:48 - Libro creado: Libro de prueba, isbn Autor de prueba min
[INFO]2026-02-08 12:08:48 - Libro creado: Libro de prueba, isbn Autor de prueba min
[INFO]2026-02-08 12:08:48 - Libro creado: Libro de prueba, isbn Autor de prueba min
[INFO]2026-02-08 12:08:48 - Libro creado: Libro de prueba, isbn Autor de prueba min
[INFO]2026-02-08 12:08:49 - Libro creado: Libro de prueba, isbn Autor de prueba min
[INFO]2026-02-08 12:08:49 - Libro creado: libro2, isbn juan@example2.com min
[INFO]2026-02-08 12:08:49 - Libro creado: Libro de prueba, isbn Autor de prueba min
[INFO]2026-02-08 12:21:18 - Libro creado: libro1, isbn b min
[INFO]2026-02-08 12:21:18 - Libro creado: libro2, isbn d min
[INFO]2026-02-08 12:21:18 - Libro creado: libro3, isbn f min
[INFO]2026-02-08 12:21:18 - Libro creado: libro4, isbn g min
[INFO]2026-02-08 12:21:31 - Libro creado: Libro de prueba, isbn Autor de prueba min
[INFO]2026-02-08 12:21:31 - Libro creado: Libro de prueba, isbn Autor de prueba min
[INFO]2026-02-08 12:21:32 - Libro creado: Libro de prueba, isbn Autor de prueba min
[INFO]2026-02-08 12:21:32 - Libro creado: Libro de prueba, isbn Autor de prueba min
[INFO]2026-02-08 12:21:32 - Libro creado: Libro de prueba, isbn Autor de prueba min
[INFO]2026-02-08 12:21:32 - Libro creado: libro2, isbn juan@example2.com min
[INFO]2026-02-08 12:21:32 - Libro creado: Libro de prueba, isbn Autor de prueba min
[INFO]2026-02-08 12:21:37 - Libro creado: Libro de prueba, isbn Autor de prueba min
[INFO]2026-02-08 12:21:37 - Libro creado: Libro de prueba, isbn Autor de prueba min
[INFO]2026-02-08 12:25:26 - Libro creado: Libro de prueba, isbn Autor de prueba min
[INFO]2026-02-08 12:25:30 - Libro creado: Libro de prueba, isbn Autor de prueba min
[INFO]2026-02-08 12:42:25 - Libro creado: Libro de prueba, isbn Autor de prueba min
[INFO]2026-02-08 12:42:51 - Libro creado: Libro de prueba, isbn Autor de prueba min
[INFO]2026-02-08 12:43:39 - Libro creado: Libro de prueba, isbn Autor de prueba min
[INFO]2026-02-08 12:44:47 - Libro creado: Libro de prueba, isbn Autor de prueba min
[INFO]2026-02-08 12:49:39 - Libro creado: Libro de prueba, isbn Autor de prueba min
[INFO]2026-02-08 12:49:40 - Libro creado: Libro de prueba, isbn Autor de prueba min
[INFO]2026-02-08 12:49:40 - Libro creado: Libro de prueba, isbn Autor de prueba min
[INFO]2026-02-08 12:49:40 - Libro creado: Libro de prueba, isbn Autor de prueba min
[INFO]2026-02-08 12:49:40 - Libro creado: Libro de prueba, isbn Autor de prueba min
[INFO]2026-02-08 12:49:40 - Libro creado: libro2, isbn juan@example2.com min
[INFO]2026-02-08 12:49:40 - Libro creado: Libro de prueba, isbn Autor de prueba min
[INFO]2026-02-08 12:49:40 - Libro creado: Libro de prueba, isbn Autor de prueba min
[INFO]2026-02-08 13:03:56 - Libro creado: Libro de prueba, isbn Autor de prueba min
[INFO]2026-02-08 13:06:33 - Libro creado: Libro de prueba, isbn Autor de prueba min
[INFO]2026-02-08 13:08:46 - Libro creado: Libro de prueba, isbn Autor de prueba min
[INFO]2026-02-08 13:09:15 - Libro creado: Libro de prueba, isbn Autor de prueba min
[INFO]2026-02-08 13:09:25 - Libro creado: Libro de prueba, isbn Autor de prueba min
[INFO]2026-02-08 13:09:26 - Libro creado: Libro de prueba, isbn Autor de prueba min
[INFO]2026-02-08 13:09:26 - Libro creado: Libro de prueba, isbn Autor de prueba min
[INFO]2026-02-08 13:09:26 - Libro creado: Libro de prueba, isbn Autor de prueba min
[INFO]2026-02-08 13:09:26 - Libro creado: Libro de prueba, isbn Autor de prueba min
[INFO]2026-02-08 13:09:26 - Libro creado: libro2, isbn juan@example2.com min
[INFO]2026-02-08 13:09:26 - Libro creado: Libro de prueba, isbn Autor de prueba min
[INFO]2026-02-08 13:09:26 - Libro creado: Libro de prueba, isbn Autor de prueba min
[INFO]2026-02-08 13:16:15 - Libro creado: Libro de prueba, isbn Autor de prueba min
[INFO]2026-02-08 13:16:29 - Libro creado: Libro de prueba, isbn Autor de prueba min
[INFO]2026-02-08 13:17:16 - Libro creado: Libro de prueba, isbn Autor de prueba min
[INFO]2026-02-08 13:18:13 - Libro creado: Libro de prueba, isbn Autor de prueba min
[INFO]2026-02-08 13:18:22 - Libro creado: Libro de prueba, isbn Autor de prueba min
[INFO]2026-02-08 13:18:53 - Libro creado: Libro de prueba, isbn Autor de prueba min
[INFO]2026-02-08 13:18:56 - Libro creado: Libro de prueba, isbn Autor de prueba min
[INFO]2026-02-08 13:18:57 - Libro creado: Libro de prueba, isbn Autor de prueba min
[INFO]2026-02-08 13:18:57 - Libro creado: Libro de prueba, isbn Autor de prueba min
[INFO]2026-02-08 13:18:57 - Libro creado: Libro de prueba, isbn Autor de prueba min
[INFO]2026-02-08 13:18:57 - Libro creado: Libro de prueba, isbn Autor de prueba min
[INFO]2026-02-08 13:18:57 - Libro creado: libro2, isbn juan@example2.com min
[INFO]2026-02-08 13:18:57 - Libro creado: Libro de prueba, isbn Autor de prueba min
[INFO]2026-02-08 13:18:57 - Libro creado: Libro de prueba, isbn Autor de prueba min
[INFO]2026-02-08 13:22:48 - Libro creado: Libro de prueba, isbn Autor de prueba min
[INFO]2026-02-08 13:23:01 - Libro creado: Libro de prueba, isbn Autor de prueba min
[INFO]2026-02-08 13:23:02 - Libro creado: Libro de prueba, isbn Autor de prueba min
[INFO]2026-02-08 13:23:02 - Libro creado: Libro de prueba, isbn Autor de prueba min
[INFO]2026-02-08 13:23:02 - Libro creado: Libro de prueba, isbn Autor de prueba min
[INFO]2026-02-08 13:23:02 - Libro creado: Libro de prueba, isbn Autor de prueba min
[INFO]2026-02-08 13:23:02 - Libro creado: libro2, isbn juan@example2.com min
[INFO]2026-02-08 13:23:02 - Libro creado: Libro de prueba, isbn Autor de prueba min
[INFO]2026-02-08 13:23:02 - Libro creado: Libro de prueba, isbn Autor de prueba min
[INFO]2026-02-08 13:23:43 - Libro creado: Libro de prueba, isbn Autor de prueba min
[INFO]2026-02-08 13:23:47 - Libro creado: Libro de prueba, isbn Autor de prueba min
[INFO]2026-02-08 13:23:47 - Libro creado: Libro de prueba, isbn Autor de prueba min
[INFO]2026-02-08 13:23:47 - Libro creado: Libro de prueba, isbn Autor de prueba min
[INFO]2026-02-08 13:23:47 - Libro creado: Libro de prueba, isbn Autor de prueba min
[INFO]2026-02-08 13:23:47 - Libro creado: Libro de prueba, isbn Autor de prueba min
[INFO]2026-02-08 13:23:47 - Libro creado: libro2, isbn juan@example2.com min
[INFO]2026-02-08 13:23:47 - Libro creado: Libro de prueba, isbn Autor de prueba min
[INFO]2026-02-08 13:23:47 - Libro creado: Libro de prueba, isbn Autor de prueba min
[INFO]2026-02-08 13:25:08 - Libro creado: Libro de prueba, isbn Autor de prueba min
[INFO]2026-02-08 13:25:16 - Libro creado: Libro de prueba, isbn Autor de prueba min
[INFO]2026-02-08 13:25:34 - Libro creado: Libro de prueba, isbn Autor de prueba min
[INFO]2026-02-08 13:25:40 - Libro creado: Libro de prueba, isbn Autor de prueba min
[INFO]2026-02-08 13:25:40 - Libro creado: Libro de prueba, isbn Autor de prueba min
[INFO]2026-02-08 13:25:40 - Libro creado: Libro de prueba, isbn Autor de prueba min
[INFO]2026-02-08 13:25:40 - Libro creado: Libro de prueba, isbn Autor de prueba min
[INFO]2026-02-08 13:25:40 - Libro creado: Libro de prueba, isbn Autor de prueba min
[INFO]2026-02-08 13:25:40 - Libro creado: libro2, isbn juan@example2.com min
[INFO]2026-02-08 13:25:40 - Libro creado: Libro de prueba, isbn Autor de prueba min
[INFO]2026-02-08 13:25:40 - Libro creado: Libro de prueba, isbn Autor de prueba min
[INFO]2026-02-08 13:25:40 - Libro creado: Libro de prueba, isbn Autor de prueba min
[INFO]2026-02-08 13:28:29 - Libro creado: Libro de prueba, isbn Autor de prueba min
[INFO]2026-02-08 18:27:34 - Libro creado: Libro de prueba, isbn Autor de prueba min
[INFO]2026-02-08 18:27:34 - Libro creado: Libro de prueba, isbn Autor de prueba min
[INFO]2026-02-08 18:27:35 - Libro creado: Libro de prueba, isbn Autor de prueba min
[INFO]2026-02-08 18:27:35 - Libro creado: Libro de prueba, isbn Autor de prueba min
[INFO]2026-02-08 18:27:35 - Libro creado: Libro de prueba, isbn Autor de prueba min
[INFO]2026-02-08 18:27:35 - Libro creado: Libro de prueba, isbn Autor de prueba min
[INFO]2026-02-08 18:27:35 - Libro creado: Libro de prueba, isbn Autor de prueba min
[INFO]2026-02-08 18:27:35 - Libro creado: Libro de prueba, isbn Autor de prueba min
[INFO]2026-02-08 18:27:35 - Libro creado: Libro de prueba, isbn Autor de prueba min
[INFO]2026-02-08 18:27:35 - Libro creado: Libro de prueba, isbn Autor de prueba min
[INFO]2026-02-08 18:27:35 - Libro creado: libro2, isbn juan@example2.com min
[INFO]2026-02-08 18:27:35 - Libro creado: libro2, isbn juan@example2.com min
[INFO]2026-02-08 18:27:35 - Libro creado: Libro de prueba, isbn Autor de prueba min
[INFO]2026-02-08 18:27:35 - Libro creado: Libro de prueba, isbn Autor de prueba min
[INFO]2026-02-08 18:27:35 - Libro creado: Libro de prueba, isbn Autor de prueba min
[INFO]2026-02-08 18:27:35 - Libro creado: Libro de prueba, isbn Autor de prueba min
[INFO]2026-02-08 18:27:35 - Libro creado: Libro de prueba, isbn Autor de prueba min
[INFO]2026-02-08 18:27:35 - Libro creado: Libro de prueba, isbn Autor de prueba min
[INFO]2026-02-08 18:27:37 - Libro creado: Libro de prueba, isbn Autor de prueba min
[INFO]2026-02-08 18:27:39 - Libro creado: Libro de prueba, isbn Autor de prueba min
[INFO]2026-02-08 18:27:39 - Libro creado: Libro de prueba, isbn Autor de prueba min
[INFO]2026-02-08 18:27:39 - Libro creado: Libro de prueba, isbn Autor de prueba min
[INFO]2026-02-08 18:27:39 - Libro creado: Libro de prueba, isbn Autor de prueba min
[INFO]2026-02-08 18:27:39 - Libro creado: libro2, isbn juan@example2.com min
[INFO]2026-02-08 18:27:39 - Libro creado: Libro de prueba, isbn Autor de prueba min
[INFO]2026-02-08 18:27:39 - Libro creado: Libro de prueba, isbn Autor de prueba min
[INFO]2026-02-08 18:27:39 - Libro creado: Libro de prueba, isbn Autor de prueba min
[INFO]2026-02-09 16:25:37 - Libro creado: libro1, isbn b min
[INFO]2026-02-09 16:25:38 - Libro creado: libro2, isbn d min
[INFO]2026-02-09 16:25:38 - Libro creado: libro3, isbn f min
[INFO]2026-02-09 16:25:38 - Libro creado: libro4, isbn g min
[INFO]2026-02-09 16:52:28 - Libro creado: Libro de prueba, isbn Autor de prueba min
[INFO]2026-02-09 16:52:28 - Libro creado: Libro de prueba, isbn Autor de prueba min
[INFO]2026-02-09 16:52:28 - Libro creado: Libro de prueba, isbn Autor de prueba min
[INFO]2026-02-09 16:52:28 - Libro creado: Libro de prueba, isbn Autor de prueba min
[INFO]2026-02-09 16:52:29 - Libro creado: Libro de prueba, isbn Autor de prueba min
[INFO]2026-02-09 16:52:29 - Libro creado: libro2, isbn juan@example2.com min
[INFO]2026-02-09 16:52:29 - Libro creado: Libro de prueba, isbn Autor de prueba min
[INFO]2026-02-09 16:52:29 - Libro creado: Libro de prueba, isbn Autor de prueba min
[INFO]2026-02-09 16:52:29 - Libro creado: Libro de prueba, isbn Autor de prueba min
[INFO]2026-02-09 17:01:47 - Libro creado: Libro de prueba, isbn Autor de prueba min
[INFO]2026-02-09 17:01:47 - Libro creado: Libro de prueba, isbn Autor de prueba min
[INFO]2026-02-09 17:01:47 - Libro creado: Libro de prueba, isbn Autor de prueba min
[INFO]2026-02-09 17:01:47 - Libro creado: Libro de prueba, isbn Autor de prueba min
[INFO]2026-02-09 17:01:48 - Libro creado: Libro de prueba, isbn Autor de prueba min
[INFO]2026-02-09 17:01:48 - Libro creado: libro2, isbn juan@example2.com min
[INFO]2026-02-09 17:01:48 - Libro creado: Libro de prueba, isbn Autor de prueba min
[INFO]2026-02-09 17:01:48 - Libro creado: Libro de prueba, isbn Autor de prueba min
[INFO]2026-02-09 17:01:48 - Libro creado: Libro de prueba, isbn Autor de prueba min
[INFO]2026-02-09 17:06:23 - Libro creado: Libro de prueba, isbn Autor de prueba min
[INFO]2026-02-09 17:06:23 - Libro creado: Libro de prueba, isbn Autor de prueba min
[INFO]2026-02-09 17:06:23 - Libro creado: Libro de prueba, isbn Autor de prueba min
[INFO]2026-02-09 17:06:23 - Libro creado: Libro de prueba, isbn Autor de prueba min
[INFO]2026-02-09 17:06:23 - Libro creado: Libro de prueba, isbn Autor de prueba min
[INFO]2026-02-09 17:06:23 - Libro creado: libro2, isbn juan@example2.com min
[INFO]2026-02-09 17:06:23 - Libro creado: Libro de prueba, isbn Autor de prueba min
[INFO]2026-02-09 17:06:23 - Libro creado: Libro de prueba, isbn Autor de prueba min
[INFO]2026-02-09 17:06:23 - Libro creado: Libro de prueba, isbn Autor de prueba min
[INFO]2026-02-09 17:20:48 - Libro creado: Libro de prueba, isbn Autor de prueba min
[INFO]2026-02-09 17:20:48 - Libro creado: Libro de prueba, isbn Autor de prueba min
[INFO]2026-02-09 17:20:48 - Libro creado: Libro de prueba, isbn Autor de prueba min
[INFO]2026-02-09 17:20:49 - Libro creado: Libro de prueba, isbn Autor de prueba min
[INFO]2026-02-09 17:20:49 - Libro creado: Libro de prueba, isbn Autor de prueba min
[INFO]2026-02-09 17:20:49 - Libro creado: libro2, isbn juan@example2.com min
[INFO]2026-02-09 17:20:49 - Libro creado: Libro de prueba, isbn Autor de prueba min
[INFO]2026-02-09 17:20:49 - Libro creado: Libro de prueba, isbn Autor de prueba min
[INFO]2026-02-09 17:20:49 - Libro creado: Libro de prueba, isbn Autor de prueba min
[INFO]2026-02-11 17:36:12 - Libro creado: Libro de prueba, isbn Autor de prueba min
[INFO]2026-02-11 17:36:18 - Libro creado: Libro de prueba, isbn Autor de prueba min
[INFO]2026-02-11 17:36:28 - Libro creado: Libro de prueba, isbn Autor de prueba min
[INFO]2026-02-11 17:36:28 - Libro creado: Libro de prueba, isbn Autor de prueba min
[INFO]2026-02-11 17:36:28 - Libro creado: Libro de prueba, isbn Autor de prueba min
[INFO]2026-02-11 17:36:28 - Libro creado: Libro de prueba, isbn Autor de prueba min
[INFO]2026-02-11 17:36:28 - Libro creado: Libro de prueba, isbn Autor de prueba min
[INFO]2026-02-11 17:36:28 - Libro creado: libro2, isbn juan@example2.com min
[INFO]2026-02-11 17:36:28 - Libro creado: Libro de prueba, isbn Autor de prueba min
[INFO]2026-02-11 17:36:28 - Libro creado: Libro de prueba, isbn Autor de prueba min
[INFO]2026-02-11 17:36:28 - Libro creado: Libro de prueba, isbn Autor de prueba min
[INFO]2026-02-11 17:37:02 - Libro creado: Libro de prueba, isbn Autor de prueba min
[INFO]2026-02-11 17:38:07 - Libro creado: Libro de prueba, isbn Autor de prueba min
[INFO]2026-02-11 17:38:21 - Libro creado: Libro de prueba, isbn Autor de prueba min
[INFO]2026-02-13 12:08:15 - Libro creado: Libro de prueba, isbn Autor de prueba min
